May 15 23:54:09 nixos-desktop kernel: Linux version 6.15.0-rc6 (nixbld@localhost) (gcc (GCC) 14.2.1 20250322, GNU ld (GNU Binutils) 2.44) #1-NixOS SMP PREEMPT_DYNAMIC Tue Jan  1 00:00:00 UTC 1980
May 15 23:54:09 nixos-desktop kernel: Command line: init=/nix/store/dk4alq3yc21gky33v9gjxvrnrjr83brr-nixos-system-nixos-desktop-25.05.20250515.e06158e/init drm.panic_screen=qr_code loglevel=4 amdgpu.ppfeaturemask=0xffffffff
May 15 23:54:09 nixos-desktop kernel: BIOS-provided physical RAM map:
May 15 23:54:09 nixos-desktop kernel: BIOS-e820: [mem 0x0000000000000000-0x000000000009ffff] usable
May 15 23:54:09 nixos-desktop kernel: BIOS-e820: [mem 0x00000000000a0000-0x00000000000fffff] reserved
May 15 23:54:09 nixos-desktop kernel: BIOS-e820: [mem 0x0000000000100000-0x0000000009d1efff] usable
May 15 23:54:09 nixos-desktop kernel: BIOS-e820: [mem 0x0000000009d1f000-0x0000000009ffffff] reserved
May 15 23:54:09 nixos-desktop kernel: BIOS-e820: [mem 0x000000000a000000-0x000000000a1fffff] usable
May 15 23:54:09 nixos-desktop kernel: BIOS-e820: [mem 0x000000000a200000-0x000000000a20dfff] ACPI NVS
May 15 23:54:09 nixos-desktop kernel: BIOS-e820: [mem 0x000000000a20e000-0x00000000c3272fff] usable
May 15 23:54:09 nixos-desktop kernel: BIOS-e820: [mem 0x00000000c3273000-0x00000000c3273fff] reserved
May 15 23:54:09 nixos-desktop kernel: BIOS-e820: [mem 0x00000000c3274000-0x00000000c9d5ffff] usable
May 15 23:54:09 nixos-desktop kernel: BIOS-e820: [mem 0x00000000c9d60000-0x00000000ca0c3fff] reserved
May 15 23:54:09 nixos-desktop kernel: BIOS-e820: [mem 0x00000000ca0c4000-0x00000000ca34dfff] ACPI data
May 15 23:54:09 nixos-desktop kernel: BIOS-e820: [mem 0x00000000ca34e000-0x00000000ca724fff] ACPI NVS
May 15 23:54:09 nixos-desktop kernel: BIOS-e820: [mem 0x00000000ca725000-0x00000000cb9fefff] reserved
May 15 23:54:09 nixos-desktop kernel: BIOS-e820: [mem 0x00000000cb9ff000-0x00000000ccffffff] usable
May 15 23:54:09 nixos-desktop kernel: BIOS-e820: [mem 0x00000000cd000000-0x00000000cfffffff] reserved
May 15 23:54:09 nixos-desktop kernel: BIOS-e820: [mem 0x00000000f0000000-0x00000000f7ffffff] reserved
May 15 23:54:09 nixos-desktop kernel: BIOS-e820: [mem 0x00000000fd200000-0x00000000fd2fffff] reserved
May 15 23:54:09 nixos-desktop kernel: BIOS-e820: [mem 0x00000000fd400000-0x00000000fd5fffff] reserved
May 15 23:54:09 nixos-desktop kernel: BIOS-e820: [mem 0x00000000fea00000-0x00000000fea0ffff] reserved
May 15 23:54:09 nixos-desktop kernel: BIOS-e820: [mem 0x00000000feb80000-0x00000000fec01fff] reserved
May 15 23:54:09 nixos-desktop kernel: BIOS-e820: [mem 0x00000000fec10000-0x00000000fec10fff] reserved
May 15 23:54:09 nixos-desktop kernel: BIOS-e820: [mem 0x00000000fed00000-0x00000000fed00fff] reserved
May 15 23:54:09 nixos-desktop kernel: BIOS-e820: [mem 0x00000000fed40000-0x00000000fed44fff] reserved
May 15 23:54:09 nixos-desktop kernel: BIOS-e820: [mem 0x00000000fed80000-0x00000000fed8ffff] reserved
May 15 23:54:09 nixos-desktop kernel: BIOS-e820: [mem 0x00000000fedc2000-0x00000000fedcffff] reserved
May 15 23:54:09 nixos-desktop kernel: BIOS-e820: [mem 0x00000000fedd4000-0x00000000fedd5fff] reserved
May 15 23:54:09 nixos-desktop kernel: BIOS-e820: [mem 0x00000000ff000000-0x00000000ffffffff] reserved
May 15 23:54:09 nixos-desktop kernel: BIOS-e820: [mem 0x0000000100000000-0x000000102f37ffff] usable
May 15 23:54:09 nixos-desktop kernel: BIOS-e820: [mem 0x000000102f380000-0x000000102fffffff] reserved
May 15 23:54:09 nixos-desktop kernel: NX (Execute Disable) protection: active
May 15 23:54:09 nixos-desktop kernel: APIC: Static calls initialized
May 15 23:54:09 nixos-desktop kernel: efi: EFI v2.7 by American Megatrends
May 15 23:54:09 nixos-desktop kernel: efi: ACPI=0xca34d000 ACPI 2.0=0xca34d014 TPMFinalLog=0xca6d8000 SMBIOS=0xcb7e6000 SMBIOS 3.0=0xcb7e5000 MEMATTR=0xc63c1018 ESRT=0xc833d718 RNG=0xca329f18 INITRD=0xbf046618 TPMEventLog=0xca21b018 
May 15 23:54:09 nixos-desktop kernel: random: crng init done
May 15 23:54:09 nixos-desktop kernel: efi: Remove mem69: MMIO range=[0xf0000000-0xf7ffffff] (128MB) from e820 map
May 15 23:54:09 nixos-desktop kernel: e820: remove [mem 0xf0000000-0xf7ffffff] reserved
May 15 23:54:09 nixos-desktop kernel: efi: Remove mem70: MMIO range=[0xfd200000-0xfd2fffff] (1MB) from e820 map
May 15 23:54:09 nixos-desktop kernel: e820: remove [mem 0xfd200000-0xfd2fffff] reserved
May 15 23:54:09 nixos-desktop kernel: efi: Remove mem71: MMIO range=[0xfd400000-0xfd5fffff] (2MB) from e820 map
May 15 23:54:09 nixos-desktop kernel: e820: remove [mem 0xfd400000-0xfd5fffff] reserved
May 15 23:54:09 nixos-desktop kernel: efi: Not removing mem72: MMIO range=[0xfea00000-0xfea0ffff] (64KB) from e820 map
May 15 23:54:09 nixos-desktop kernel: efi: Remove mem73: MMIO range=[0xfeb80000-0xfec01fff] (0MB) from e820 map
May 15 23:54:09 nixos-desktop kernel: e820: remove [mem 0xfeb80000-0xfec01fff] reserved
May 15 23:54:09 nixos-desktop kernel: efi: Not removing mem74: MMIO range=[0xfec10000-0xfec10fff] (4KB) from e820 map
May 15 23:54:09 nixos-desktop kernel: efi: Not removing mem75: MMIO range=[0xfed00000-0xfed00fff] (4KB) from e820 map
May 15 23:54:09 nixos-desktop kernel: efi: Not removing mem76: MMIO range=[0xfed40000-0xfed44fff] (20KB) from e820 map
May 15 23:54:09 nixos-desktop kernel: efi: Not removing mem77: MMIO range=[0xfed80000-0xfed8ffff] (64KB) from e820 map
May 15 23:54:09 nixos-desktop kernel: efi: Not removing mem78: MMIO range=[0xfedc2000-0xfedcffff] (56KB) from e820 map
May 15 23:54:09 nixos-desktop kernel: efi: Not removing mem79: MMIO range=[0xfedd4000-0xfedd5fff] (8KB) from e820 map
May 15 23:54:09 nixos-desktop kernel: efi: Remove mem80: MMIO range=[0xff000000-0xffffffff] (16MB) from e820 map
May 15 23:54:09 nixos-desktop kernel: e820: remove [mem 0xff000000-0xffffffff] reserved
May 15 23:54:09 nixos-desktop kernel: SMBIOS 3.3.0 present.
May 15 23:54:09 nixos-desktop kernel: DMI: System manufacturer System Product Name/PRIME X570-PRO, BIOS 5021 09/29/2024
May 15 23:54:09 nixos-desktop kernel: DMI: Memory slots populated: 2/4
May 15 23:54:09 nixos-desktop kernel: tsc: Fast TSC calibration using PIT
May 15 23:54:09 nixos-desktop kernel: tsc: Detected 2999.860 MHz processor
May 15 23:54:09 nixos-desktop kernel: e820: update [mem 0x00000000-0x00000fff] usable ==> reserved
May 15 23:54:09 nixos-desktop kernel: e820: remove [mem 0x000a0000-0x000fffff] usable
May 15 23:54:09 nixos-desktop kernel: last_pfn = 0x102f380 max_arch_pfn = 0x400000000
May 15 23:54:09 nixos-desktop kernel: MTRR map: 8 entries (4 fixed + 4 variable; max 21), built from 9 variable MTRRs
May 15 23:54:09 nixos-desktop kernel: x86/PAT: Configuration [0-7]: WB  WC  UC- UC  WB  WP  UC- WT  
May 15 23:54:09 nixos-desktop kernel: e820: update [mem 0xca420000-0xca42ffff] usable ==> reserved
May 15 23:54:09 nixos-desktop kernel: e820: update [mem 0xd0000000-0xffffffff] usable ==> reserved
May 15 23:54:09 nixos-desktop kernel: last_pfn = 0xcd000 max_arch_pfn = 0x400000000
May 15 23:54:09 nixos-desktop kernel: esrt: Reserving ESRT space from 0x00000000c833d718 to 0x00000000c833d750.
May 15 23:54:09 nixos-desktop kernel: e820: update [mem 0xc833d000-0xc833dfff] usable ==> reserved
May 15 23:54:09 nixos-desktop kernel: Using GB pages for direct mapping
May 15 23:54:09 nixos-desktop kernel: Secure boot enabled
May 15 23:54:09 nixos-desktop kernel: RAMDISK: [mem 0xba969000-0xbb808fff]
May 15 23:54:09 nixos-desktop kernel: ACPI: Early table checksum verification disabled
May 15 23:54:09 nixos-desktop kernel: ACPI: RSDP 0x00000000CA34D014 000024 (v02 ALASKA)
May 15 23:54:09 nixos-desktop kernel: ACPI: XSDT 0x00000000CA34C728 0000E4 (v01 ALASKA A M I    01072009 AMI  01000013)
May 15 23:54:09 nixos-desktop kernel: ACPI: FACP 0x00000000CA33D000 000114 (v06 ALASKA A M I    01072009 AMI  00010013)
May 15 23:54:09 nixos-desktop kernel: ACPI: DSDT 0x00000000CA32F000 00DC4E (v02 ALASKA A M I    01072009 INTL 20120913)
May 15 23:54:09 nixos-desktop kernel: ACPI: FACS 0x00000000CA708000 000040
May 15 23:54:09 nixos-desktop kernel: ACPI: SSDT 0x00000000CA343000 008CE9 (v02 AMD    AmdTable 00000002 MSFT 04000000)
May 15 23:54:09 nixos-desktop kernel: ACPI: SSDT 0x00000000CA33F000 003B8E (v02 AMD    AMD AOD  00000001 INTL 20120913)
May 15 23:54:09 nixos-desktop kernel: ACPI: SSDT 0x00000000CA33E000 0000FC (v02 ALASKA CPUSSDT  01072009 AMI  01072009)
May 15 23:54:09 nixos-desktop kernel: ACPI: FIDT 0x00000000CA32E000 00009C (v01 ALASKA A M I    01072009 AMI  00010013)
May 15 23:54:09 nixos-desktop kernel: ACPI: MCFG 0x00000000CA32C000 00003C (v01 ALASKA A M I    01072009 MSFT 00010013)
May 15 23:54:09 nixos-desktop kernel: ACPI: HPET 0x00000000CA32B000 000038 (v01 ALASKA A M I    01072009 AMI  00000005)
May 15 23:54:09 nixos-desktop kernel: ACPI: SSDT 0x00000000CA32A000 000024 (v01 AMD    BIXBY    00001000 INTL 20120913)
May 15 23:54:09 nixos-desktop kernel: ACPI: IVRS 0x00000000CA328000 0000D0 (v02 AMD    AmdTable 00000001 AMD  00000001)
May 15 23:54:09 nixos-desktop kernel: ACPI: VFCT 0x00000000CA319000 00E284 (v01 ALASKA A M I    00000001 AMD  31504F47)
May 15 23:54:09 nixos-desktop kernel: ACPI: BGRT 0x00000000CA318000 000038 (v01 ALASKA A M I    01072009 AMI  00010013)
May 15 23:54:09 nixos-desktop kernel: ACPI: WPBT 0x00000000CA239000 00003C (v01 ALASKA A M I    00000001 ASUS 00000001)
May 15 23:54:09 nixos-desktop kernel: ACPI: TPM2 0x00000000CA238000 00004C (v04 ALASKA A M I    00000001 AMI  00000000)
May 15 23:54:09 nixos-desktop kernel: ACPI: PCCT 0x00000000CA237000 00006E (v02 AMD    AmdTable 00000001 AMD  00000001)
May 15 23:54:09 nixos-desktop kernel: ACPI: SSDT 0x00000000CA232000 004043 (v02 AMD    AmdTable 00000001 AMD  00000001)
May 15 23:54:09 nixos-desktop kernel: ACPI: CRAT 0x00000000CA231000 000F10 (v01 AMD    AmdTable 00000001 AMD  00000001)
May 15 23:54:09 nixos-desktop kernel: ACPI: CDIT 0x00000000CA230000 000029 (v01 AMD    AmdTable 00000001 AMD  00000001)
May 15 23:54:09 nixos-desktop kernel: ACPI: SSDT 0x00000000CA22F000 0002C2 (v02 AMD    QOGIRDGP 00000001 INTL 20120913)
May 15 23:54:09 nixos-desktop kernel: ACPI: SSDT 0x00000000CA22D000 0010C9 (v02 AMD    QOGIRTPX 00000001 INTL 20120913)
May 15 23:54:09 nixos-desktop kernel: ACPI: SSDT 0x00000000CA22C000 00052C (v02 AMD    QOGIRNOI 00000001 INTL 20120913)
May 15 23:54:09 nixos-desktop kernel: ACPI: SSDT 0x00000000CA228000 003E6E (v02 AMD    QOGIRN   00000001 INTL 20120913)
May 15 23:54:09 nixos-desktop kernel: ACPI: WSMT 0x00000000CA227000 000028 (v01 ALASKA A M I    01072009 AMI  00010013)
May 15 23:54:09 nixos-desktop kernel: ACPI: APIC 0x00000000CA226000 00015E (v04 ALASKA A M I    01072009 AMI  00010013)
May 15 23:54:09 nixos-desktop kernel: ACPI: FPDT 0x00000000CA225000 000044 (v01 ALASKA A M I    01072009 AMI  01000013)
May 15 23:54:09 nixos-desktop kernel: ACPI: Reserving FACP table memory at [mem 0xca33d000-0xca33d113]
May 15 23:54:09 nixos-desktop kernel: ACPI: Reserving DSDT table memory at [mem 0xca32f000-0xca33cc4d]
May 15 23:54:09 nixos-desktop kernel: ACPI: Reserving FACS table memory at [mem 0xca708000-0xca70803f]
May 15 23:54:09 nixos-desktop kernel: ACPI: Reserving SSDT table memory at [mem 0xca343000-0xca34bce8]
May 15 23:54:09 nixos-desktop kernel: ACPI: Reserving SSDT table memory at [mem 0xca33f000-0xca342b8d]
May 15 23:54:09 nixos-desktop kernel: ACPI: Reserving SSDT table memory at [mem 0xca33e000-0xca33e0fb]
May 15 23:54:09 nixos-desktop kernel: ACPI: Reserving FIDT table memory at [mem 0xca32e000-0xca32e09b]
May 15 23:54:09 nixos-desktop kernel: ACPI: Reserving MCFG table memory at [mem 0xca32c000-0xca32c03b]
May 15 23:54:09 nixos-desktop kernel: ACPI: Reserving HPET table memory at [mem 0xca32b000-0xca32b037]
May 15 23:54:09 nixos-desktop kernel: ACPI: Reserving SSDT table memory at [mem 0xca32a000-0xca32a023]
May 15 23:54:09 nixos-desktop kernel: ACPI: Reserving IVRS table memory at [mem 0xca328000-0xca3280cf]
May 15 23:54:09 nixos-desktop kernel: ACPI: Reserving VFCT table memory at [mem 0xca319000-0xca327283]
May 15 23:54:09 nixos-desktop kernel: ACPI: Reserving BGRT table memory at [mem 0xca318000-0xca318037]
May 15 23:54:09 nixos-desktop kernel: ACPI: Reserving WPBT table memory at [mem 0xca239000-0xca23903b]
May 15 23:54:09 nixos-desktop kernel: ACPI: Reserving TPM2 table memory at [mem 0xca238000-0xca23804b]
May 15 23:54:09 nixos-desktop kernel: ACPI: Reserving PCCT table memory at [mem 0xca237000-0xca23706d]
May 15 23:54:09 nixos-desktop kernel: ACPI: Reserving SSDT table memory at [mem 0xca232000-0xca236042]
May 15 23:54:09 nixos-desktop kernel: ACPI: Reserving CRAT table memory at [mem 0xca231000-0xca231f0f]
May 15 23:54:09 nixos-desktop kernel: ACPI: Reserving CDIT table memory at [mem 0xca230000-0xca230028]
May 15 23:54:09 nixos-desktop kernel: ACPI: Reserving SSDT table memory at [mem 0xca22f000-0xca22f2c1]
May 15 23:54:09 nixos-desktop kernel: ACPI: Reserving SSDT table memory at [mem 0xca22d000-0xca22e0c8]
May 15 23:54:09 nixos-desktop kernel: ACPI: Reserving SSDT table memory at [mem 0xca22c000-0xca22c52b]
May 15 23:54:09 nixos-desktop kernel: ACPI: Reserving SSDT table memory at [mem 0xca228000-0xca22be6d]
May 15 23:54:09 nixos-desktop kernel: ACPI: Reserving WSMT table memory at [mem 0xca227000-0xca227027]
May 15 23:54:09 nixos-desktop kernel: ACPI: Reserving APIC table memory at [mem 0xca226000-0xca22615d]
May 15 23:54:09 nixos-desktop kernel: ACPI: Reserving FPDT table memory at [mem 0xca225000-0xca225043]
May 15 23:54:09 nixos-desktop kernel: No NUMA configuration found
May 15 23:54:09 nixos-desktop kernel: Faking a node at [mem 0x0000000000000000-0x000000102f37ffff]
May 15 23:54:09 nixos-desktop kernel: NODE_DATA(0) allocated [mem 0x102f37a740-0x102f37fcbf]
May 15 23:54:09 nixos-desktop kernel: Zone ranges:
May 15 23:54:09 nixos-desktop kernel:   DMA      [mem 0x0000000000001000-0x0000000000ffffff]
May 15 23:54:09 nixos-desktop kernel:   DMA32    [mem 0x0000000001000000-0x00000000ffffffff]
May 15 23:54:09 nixos-desktop kernel:   Normal   [mem 0x0000000100000000-0x000000102f37ffff]
May 15 23:54:09 nixos-desktop kernel:   Device   empty
May 15 23:54:09 nixos-desktop kernel: Movable zone start for each node
May 15 23:54:09 nixos-desktop kernel: Early memory node ranges
May 15 23:54:09 nixos-desktop kernel:   node   0: [mem 0x0000000000001000-0x000000000009ffff]
May 15 23:54:09 nixos-desktop kernel:   node   0: [mem 0x0000000000100000-0x0000000009d1efff]
May 15 23:54:09 nixos-desktop kernel:   node   0: [mem 0x000000000a000000-0x000000000a1fffff]
May 15 23:54:09 nixos-desktop kernel:   node   0: [mem 0x000000000a20e000-0x00000000c3272fff]
May 15 23:54:09 nixos-desktop kernel:   node   0: [mem 0x00000000c3274000-0x00000000c9d5ffff]
May 15 23:54:09 nixos-desktop kernel:   node   0: [mem 0x00000000cb9ff000-0x00000000ccffffff]
May 15 23:54:09 nixos-desktop kernel:   node   0: [mem 0x0000000100000000-0x000000102f37ffff]
May 15 23:54:09 nixos-desktop kernel: Initmem setup node 0 [mem 0x0000000000001000-0x000000102f37ffff]
May 15 23:54:09 nixos-desktop kernel: On node 0, zone DMA: 1 pages in unavailable ranges
May 15 23:54:09 nixos-desktop kernel: On node 0, zone DMA: 96 pages in unavailable ranges
May 15 23:54:09 nixos-desktop kernel: On node 0, zone DMA32: 737 pages in unavailable ranges
May 15 23:54:09 nixos-desktop kernel: On node 0, zone DMA32: 14 pages in unavailable ranges
May 15 23:54:09 nixos-desktop kernel: On node 0, zone DMA32: 1 pages in unavailable ranges
May 15 23:54:09 nixos-desktop kernel: On node 0, zone DMA32: 7327 pages in unavailable ranges
May 15 23:54:09 nixos-desktop kernel: On node 0, zone Normal: 12288 pages in unavailable ranges
May 15 23:54:09 nixos-desktop kernel: On node 0, zone Normal: 3200 pages in unavailable ranges
May 15 23:54:09 nixos-desktop kernel: ACPI: PM-Timer IO Port: 0x808
May 15 23:54:09 nixos-desktop kernel: CPU topo: Ignoring hot-pluggable APIC ID 0 in present package.
May 15 23:54:09 nixos-desktop kernel: ACPI: LAPIC_NMI (acpi_id[0xff] high edge lint[0x1])
May 15 23:54:09 nixos-desktop kernel: IOAPIC[0]: apic_id 17, version 33, address 0xfec00000, GSI 0-23
May 15 23:54:09 nixos-desktop kernel: IOAPIC[1]: apic_id 18, version 33, address 0xfec01000, GSI 24-55
May 15 23:54:09 nixos-desktop kernel: ACPI: INT_SRC_OVR (bus 0 bus_irq 0 global_irq 2 dfl dfl)
May 15 23:54:09 nixos-desktop kernel: ACPI: INT_SRC_OVR (bus 0 bus_irq 9 global_irq 9 low level)
May 15 23:54:09 nixos-desktop kernel: ACPI: Using ACPI (MADT) for SMP configuration information
May 15 23:54:09 nixos-desktop kernel: ACPI: HPET id: 0x10228201 base: 0xfed00000
May 15 23:54:09 nixos-desktop kernel: e820: update [mem 0xc5ed0000-0xc60e5fff] usable ==> reserved
May 15 23:54:09 nixos-desktop kernel: CPU topo: Max. logical packages:   1
May 15 23:54:09 nixos-desktop kernel: CPU topo: Max. logical dies:       1
May 15 23:54:09 nixos-desktop kernel: CPU topo: Max. dies per package:   1
May 15 23:54:09 nixos-desktop kernel: CPU topo: Max. threads per core:   2
May 15 23:54:09 nixos-desktop kernel: CPU topo: Num. cores per package:     8
May 15 23:54:09 nixos-desktop kernel: CPU topo: Num. threads per package:  16
May 15 23:54:09 nixos-desktop kernel: CPU topo: Allowing 16 present CPUs plus 0 hotplug CPUs
May 15 23:54:09 nixos-desktop kernel: CPU topo: Rejected CPUs 16
May 15 23:54:09 nixos-desktop kernel: PM: hibernation: Registered nosave memory: [mem 0x00000000-0x00000fff]
May 15 23:54:09 nixos-desktop kernel: PM: hibernation: Registered nosave memory: [mem 0x000a0000-0x000fffff]
May 15 23:54:09 nixos-desktop kernel: PM: hibernation: Registered nosave memory: [mem 0x09d1f000-0x09ffffff]
May 15 23:54:09 nixos-desktop kernel: PM: hibernation: Registered nosave memory: [mem 0x0a200000-0x0a20dfff]
May 15 23:54:09 nixos-desktop kernel: PM: hibernation: Registered nosave memory: [mem 0xc3273000-0xc3273fff]
May 15 23:54:09 nixos-desktop kernel: PM: hibernation: Registered nosave memory: [mem 0xc5ed0000-0xc60e5fff]
May 15 23:54:09 nixos-desktop kernel: PM: hibernation: Registered nosave memory: [mem 0xc833d000-0xc833dfff]
May 15 23:54:09 nixos-desktop kernel: PM: hibernation: Registered nosave memory: [mem 0xc9d60000-0xcb9fefff]
May 15 23:54:09 nixos-desktop kernel: PM: hibernation: Registered nosave memory: [mem 0xcd000000-0xffffffff]
May 15 23:54:09 nixos-desktop kernel: [mem 0xd0000000-0xfe9fffff] available for PCI devices
May 15 23:54:09 nixos-desktop kernel: Booting paravirtualized kernel on bare hardware
May 15 23:54:09 nixos-desktop kernel: clocksource: refined-jiffies: mask: 0xffffffff max_cycles: 0xffffffff, max_idle_ns: 1910969940391419 ns
May 15 23:54:09 nixos-desktop kernel: setup_percpu: NR_CPUS:384 nr_cpumask_bits:16 nr_cpu_ids:16 nr_node_ids:1
May 15 23:54:09 nixos-desktop kernel: percpu: Embedded 110 pages/cpu s270336 r65536 d114688 u524288
May 15 23:54:09 nixos-desktop kernel: pcpu-alloc: s270336 r65536 d114688 u524288 alloc=1*2097152
May 15 23:54:09 nixos-desktop kernel: pcpu-alloc: [0] 00 01 02 03 [0] 04 05 06 07 
May 15 23:54:09 nixos-desktop kernel: pcpu-alloc: [0] 08 09 10 11 [0] 12 13 14 15 
May 15 23:54:09 nixos-desktop kernel: Kernel command line: init=/nix/store/dk4alq3yc21gky33v9gjxvrnrjr83brr-nixos-system-nixos-desktop-25.05.20250515.e06158e/init drm.panic_screen=qr_code loglevel=4 amdgpu.ppfeaturemask=0xffffffff
May 15 23:54:09 nixos-desktop kernel: printk: log buffer data + meta data: 262144 + 917504 = 1179648 bytes
May 15 23:54:09 nixos-desktop kernel: Dentry cache hash table entries: 8388608 (order: 14, 67108864 bytes, linear)
May 15 23:54:09 nixos-desktop kernel: Inode-cache hash table entries: 4194304 (order: 13, 33554432 bytes, linear)
May 15 23:54:09 nixos-desktop kernel: software IO TLB: area num 16.
May 15 23:54:09 nixos-desktop kernel: Fallback order for Node 0: 0 
May 15 23:54:09 nixos-desktop kernel: Built 1 zonelists, mobility grouping on.  Total pages: 16753552
May 15 23:54:09 nixos-desktop kernel: Policy zone: Normal
May 15 23:54:09 nixos-desktop kernel: mem auto-init: stack:all(zero), heap alloc:on, heap free:off
May 15 23:54:09 nixos-desktop kernel: SLUB: HWalign=64, Order=0-3, MinObjects=0, CPUs=16, Nodes=1
May 15 23:54:09 nixos-desktop kernel: allocated 134217728 bytes of page_ext
May 15 23:54:09 nixos-desktop kernel: ftrace: allocating 46398 entries in 184 pages
May 15 23:54:09 nixos-desktop kernel: ftrace: allocated 184 pages with 4 groups
May 15 23:54:09 nixos-desktop kernel: Dynamic Preempt: voluntary
May 15 23:54:09 nixos-desktop kernel: rcu: Preemptible hierarchical RCU implementation.
May 15 23:54:09 nixos-desktop kernel: rcu:         RCU event tracing is enabled.
May 15 23:54:09 nixos-desktop kernel: rcu:         RCU restricting CPUs from NR_CPUS=384 to nr_cpu_ids=16.
May 15 23:54:09 nixos-desktop kernel:         Trampoline variant of Tasks RCU enabled.
May 15 23:54:09 nixos-desktop kernel:         Rude variant of Tasks RCU enabled.
May 15 23:54:09 nixos-desktop kernel:         Tracing variant of Tasks RCU enabled.
May 15 23:54:09 nixos-desktop kernel: rcu: RCU calculated value of scheduler-enlistment delay is 100 jiffies.
May 15 23:54:09 nixos-desktop kernel: rcu: Adjusting geometry for rcu_fanout_leaf=16, nr_cpu_ids=16
May 15 23:54:09 nixos-desktop kernel: RCU Tasks: Setting shift to 4 and lim to 1 rcu_task_cb_adjust=1 rcu_task_cpu_ids=16.
May 15 23:54:09 nixos-desktop kernel: RCU Tasks Rude: Setting shift to 4 and lim to 1 rcu_task_cb_adjust=1 rcu_task_cpu_ids=16.
May 15 23:54:09 nixos-desktop kernel: RCU Tasks Trace: Setting shift to 4 and lim to 1 rcu_task_cb_adjust=1 rcu_task_cpu_ids=16.
May 15 23:54:09 nixos-desktop kernel: NR_IRQS: 24832, nr_irqs: 1096, preallocated irqs: 16
May 15 23:54:09 nixos-desktop kernel: rcu: srcu_init: Setting srcu_struct sizes based on contention.
May 15 23:54:09 nixos-desktop kernel: kfence: initialized - using 2097152 bytes for 255 objects at 0x(____ptrval____)-0x(____ptrval____)
May 15 23:54:09 nixos-desktop kernel: Console: colour dummy device 80x25
May 15 23:54:09 nixos-desktop kernel: printk: legacy console [tty0] enabled
May 15 23:54:09 nixos-desktop kernel: ACPI: Core revision 20240827
May 15 23:54:09 nixos-desktop kernel: clocksource: hpet: mask: 0xffffffff max_cycles: 0xffffffff, max_idle_ns: 133484873504 ns
May 15 23:54:09 nixos-desktop kernel: APIC: Switch to symmetric I/O mode setup
May 15 23:54:09 nixos-desktop kernel: AMD-Vi: Using global IVHD EFR:0x0, EFR2:0x0
May 15 23:54:09 nixos-desktop kernel: x2apic: IRQ remapping doesn't support X2APIC mode
May 15 23:54:09 nixos-desktop kernel: ..TIMER: vector=0x30 apic1=0 pin1=2 apic2=-1 pin2=-1
May 15 23:54:09 nixos-desktop kernel: clocksource: tsc-early: mask: 0xffffffffffffffff max_cycles: 0x2b3dc1382d3, max_idle_ns: 440795243612 ns
May 15 23:54:09 nixos-desktop kernel: Calibrating delay loop (skipped), value calculated using timer frequency.. 5999.72 BogoMIPS (lpj=2999860)
May 15 23:54:09 nixos-desktop kernel: x86/cpu: User Mode Instruction Prevention (UMIP) activated
May 15 23:54:09 nixos-desktop kernel: LVT offset 1 assigned for vector 0xf9
May 15 23:54:09 nixos-desktop kernel: LVT offset 2 assigned for vector 0xf4
May 15 23:54:09 nixos-desktop kernel: Last level iTLB entries: 4KB 512, 2MB 512, 4MB 256
May 15 23:54:09 nixos-desktop kernel: Last level dTLB entries: 4KB 2048, 2MB 2048, 4MB 1024, 1GB 0
May 15 23:54:09 nixos-desktop kernel: process: using mwait in idle threads
May 15 23:54:09 nixos-desktop kernel: Spectre V1 : Mitigation: usercopy/swapgs barriers and __user pointer sanitization
May 15 23:54:09 nixos-desktop kernel: Spectre V2 : Mitigation: Retpolines
May 15 23:54:09 nixos-desktop kernel: Spectre V2 : Spectre v2 / SpectreRSB: Filling RSB on context switch and VMEXIT
May 15 23:54:09 nixos-desktop kernel: Spectre V2 : Enabling Restricted Speculation for firmware calls
May 15 23:54:09 nixos-desktop kernel: Spectre V2 : mitigation: Enabling conditional Indirect Branch Prediction Barrier
May 15 23:54:09 nixos-desktop kernel: Spectre V2 : User space: Mitigation: STIBP always-on protection
May 15 23:54:09 nixos-desktop kernel: Speculative Store Bypass: Mitigation: Speculative Store Bypass disabled via prctl
May 15 23:54:09 nixos-desktop kernel: Speculative Return Stack Overflow: Mitigation: Safe RET
May 15 23:54:09 nixos-desktop kernel: x86/fpu: Supporting XSAVE feature 0x001: 'x87 floating point registers'
May 15 23:54:09 nixos-desktop kernel: x86/fpu: Supporting XSAVE feature 0x002: 'SSE registers'
May 15 23:54:09 nixos-desktop kernel: x86/fpu: Supporting XSAVE feature 0x004: 'AVX registers'
May 15 23:54:09 nixos-desktop kernel: x86/fpu: Supporting XSAVE feature 0x200: 'Protection Keys User registers'
May 15 23:54:09 nixos-desktop kernel: x86/fpu: Supporting XSAVE feature 0x800: 'Control-flow User registers'
May 15 23:54:09 nixos-desktop kernel: x86/fpu: xstate_offset[2]:  576, xstate_sizes[2]:  256
May 15 23:54:09 nixos-desktop kernel: x86/fpu: xstate_offset[9]:  832, xstate_sizes[9]:    8
May 15 23:54:09 nixos-desktop kernel: x86/fpu: xstate_offset[11]:  840, xstate_sizes[11]:   16
May 15 23:54:09 nixos-desktop kernel: x86/fpu: Enabled xstate features 0xa07, context size is 856 bytes, using 'compacted' format.
May 15 23:54:09 nixos-desktop kernel: Freeing SMP alternatives memory: 44K
May 15 23:54:09 nixos-desktop kernel: pid_max: default: 32768 minimum: 301
May 15 23:54:09 nixos-desktop kernel: LSM: initializing lsm=capability,landlock,yama,selinux,bpf
May 15 23:54:09 nixos-desktop kernel: landlock: Up and running.
May 15 23:54:09 nixos-desktop kernel: Yama: becoming mindful.
May 15 23:54:09 nixos-desktop kernel: SELinux:  Initializing.
May 15 23:54:09 nixos-desktop kernel: LSM support for eBPF active
May 15 23:54:09 nixos-desktop kernel: Mount-cache hash table entries: 131072 (order: 8, 1048576 bytes, linear)
May 15 23:54:09 nixos-desktop kernel: Mountpoint-cache hash table entries: 131072 (order: 8, 1048576 bytes, linear)
May 15 23:54:09 nixos-desktop kernel: smpboot: CPU0: AMD Ryzen 7 5700X3D 8-Core Processor (family: 0x19, model: 0x21, stepping: 0x2)
May 15 23:54:09 nixos-desktop kernel: Performance Events: Fam17h+ core perfctr, AMD PMU driver.
May 15 23:54:09 nixos-desktop kernel: ... version:                0
May 15 23:54:09 nixos-desktop kernel: ... bit width:              48
May 15 23:54:09 nixos-desktop kernel: ... generic registers:      6
May 15 23:54:09 nixos-desktop kernel: ... value mask:             0000ffffffffffff
May 15 23:54:09 nixos-desktop kernel: ... max period:             00007fffffffffff
May 15 23:54:09 nixos-desktop kernel: ... fixed-purpose events:   0
May 15 23:54:09 nixos-desktop kernel: ... event mask:             000000000000003f
May 15 23:54:09 nixos-desktop kernel: signal: max sigframe size: 3376
May 15 23:54:09 nixos-desktop kernel: rcu: Hierarchical SRCU implementation.
May 15 23:54:09 nixos-desktop kernel: rcu:         Max phase no-delay instances is 400.
May 15 23:54:09 nixos-desktop kernel: Timer migration: 2 hierarchy levels; 8 children per group; 2 crossnode level
May 15 23:54:09 nixos-desktop kernel: NMI watchdog: Enabled. Permanently consumes one hw-PMU counter.
May 15 23:54:09 nixos-desktop kernel: smp: Bringing up secondary CPUs ...
May 15 23:54:09 nixos-desktop kernel: smpboot: x86: Booting SMP configuration:
May 15 23:54:09 nixos-desktop kernel: .... node  #0, CPUs:        #1  #2  #3  #4  #5  #6  #7  #8  #9 #10 #11 #12 #13 #14 #15
May 15 23:54:09 nixos-desktop kernel: Spectre V2 : Update user space SMT mitigation: STIBP always-on
May 15 23:54:09 nixos-desktop kernel: smp: Brought up 1 node, 16 CPUs
May 15 23:54:09 nixos-desktop kernel: smpboot: Total of 16 processors activated (95995.52 BogoMIPS)
May 15 23:54:09 nixos-desktop kernel: Memory: 65566660K/67014208K available (16660K kernel code, 2665K rwdata, 13368K rodata, 3508K init, 3152K bss, 1287900K reserved, 0K cma-reserved)
May 15 23:54:09 nixos-desktop kernel: devtmpfs: initialized
May 15 23:54:09 nixos-desktop kernel: x86/mm: Memory block size: 2048MB
May 15 23:54:09 nixos-desktop kernel: ACPI: PM: Registering ACPI NVS region [mem 0x0a200000-0x0a20dfff] (57344 bytes)
May 15 23:54:09 nixos-desktop kernel: ACPI: PM: Registering ACPI NVS region [mem 0xca34e000-0xca724fff] (4026368 bytes)
May 15 23:54:09 nixos-desktop kernel: clocksource: jiffies: mask: 0xffffffff max_cycles: 0xffffffff, max_idle_ns: 1911260446275000 ns
May 15 23:54:09 nixos-desktop kernel: posixtimers hash table entries: 8192 (order: 5, 131072 bytes, linear)
May 15 23:54:09 nixos-desktop kernel: futex hash table entries: 4096 (order: 6, 262144 bytes, linear)
May 15 23:54:09 nixos-desktop kernel: pinctrl core: initialized pinctrl subsystem
May 15 23:54:09 nixos-desktop kernel: PM: RTC time: 03:53:47, date: 2025-05-16
May 15 23:54:09 nixos-desktop kernel: NET: Registered PF_NETLINK/PF_ROUTE protocol family
May 15 23:54:09 nixos-desktop kernel: DMA: preallocated 4096 KiB GFP_KERNEL pool for atomic allocations
May 15 23:54:09 nixos-desktop kernel: DMA: preallocated 4096 KiB GFP_KERNEL|GFP_DMA pool for atomic allocations
May 15 23:54:09 nixos-desktop kernel: DMA: preallocated 4096 KiB GFP_KERNEL|GFP_DMA32 pool for atomic allocations
May 15 23:54:09 nixos-desktop kernel: audit: initializing netlink subsys (disabled)
May 15 23:54:09 nixos-desktop kernel: audit: type=2000 audit(1747367626.168:1): state=initialized audit_enabled=0 res=1
May 15 23:54:09 nixos-desktop kernel: thermal_sys: Registered thermal governor 'bang_bang'
May 15 23:54:09 nixos-desktop kernel: thermal_sys: Registered thermal governor 'step_wise'
May 15 23:54:09 nixos-desktop kernel: cpuidle: using governor menu
May 15 23:54:09 nixos-desktop kernel: Detected 1 PCC Subspaces
May 15 23:54:09 nixos-desktop kernel: Registering PCC driver as Mailbox controller
May 15 23:54:09 nixos-desktop kernel: acpiphp: ACPI Hot Plug PCI Controller Driver version: 0.5
May 15 23:54:09 nixos-desktop kernel: PCI: ECAM [mem 0xf0000000-0xf7ffffff] (base 0xf0000000) for domain 0000 [bus 00-7f]
May 15 23:54:09 nixos-desktop kernel: PCI: Using configuration type 1 for base access
May 15 23:54:09 nixos-desktop kernel: kprobes: kprobe jump-optimization is enabled. All kprobes are optimized if possible.
May 15 23:54:09 nixos-desktop kernel: HugeTLB: allocation took 0ms with hugepage_allocation_threads=4
May 15 23:54:09 nixos-desktop kernel: HugeTLB: registered 1.00 GiB page size, pre-allocated 0 pages
May 15 23:54:09 nixos-desktop kernel: HugeTLB: 16380 KiB vmemmap can be freed for a 1.00 GiB page
May 15 23:54:09 nixos-desktop kernel: HugeTLB: registered 2.00 MiB page size, pre-allocated 0 pages
May 15 23:54:09 nixos-desktop kernel: HugeTLB: 28 KiB vmemmap can be freed for a 2.00 MiB page
May 15 23:54:09 nixos-desktop kernel: ACPI: Added _OSI(Module Device)
May 15 23:54:09 nixos-desktop kernel: ACPI: Added _OSI(Processor Device)
May 15 23:54:09 nixos-desktop kernel: ACPI: Added _OSI(3.0 _SCP Extensions)
May 15 23:54:09 nixos-desktop kernel: ACPI: Added _OSI(Processor Aggregator Device)
May 15 23:54:09 nixos-desktop kernel: ACPI: 10 ACPI AML tables successfully acquired and loaded
May 15 23:54:09 nixos-desktop kernel: ACPI: [Firmware Bug]: BIOS _OSI(Linux) query ignored
May 15 23:54:09 nixos-desktop kernel: ACPI: EC: EC started
May 15 23:54:09 nixos-desktop kernel: ACPI: EC: interrupt blocked
May 15 23:54:09 nixos-desktop kernel: ACPI: EC: EC_CMD/EC_SC=0x66, EC_DATA=0x62
May 15 23:54:09 nixos-desktop kernel: ACPI: \_SB_.PCI0.SBRG.EC0_: Boot DSDT EC used to handle transactions
May 15 23:54:09 nixos-desktop kernel: ACPI: Interpreter enabled
May 15 23:54:09 nixos-desktop kernel: ACPI: PM: (supports S0 S3 S4 S5)
May 15 23:54:09 nixos-desktop kernel: ACPI: Using IOAPIC for interrupt routing
May 15 23:54:09 nixos-desktop kernel: PCI: Using host bridge windows from ACPI; if necessary, use "pci=nocrs" and report a bug
May 15 23:54:09 nixos-desktop kernel: PCI: Ignoring E820 reservations for host bridge windows
May 15 23:54:09 nixos-desktop kernel: ACPI: Enabled 2 GPEs in block 00 to 1F
May 15 23:54:09 nixos-desktop kernel: ACPI: PCI Root Bridge [PCI0] (domain 0000 [bus 00-ff])
May 15 23:54:09 nixos-desktop kernel: acpi PNP0A08:00: _OSC: OS supports [ExtendedConfig ASPM ClockPM Segments MSI HPX-Type3]
May 15 23:54:09 nixos-desktop kernel: acpi PNP0A08:00: _OSC: platform does not support [LTR]
May 15 23:54:09 nixos-desktop kernel: acpi PNP0A08:00: _OSC: OS now controls [PCIeHotplug PME PCIeCapability]
May 15 23:54:09 nixos-desktop kernel: acpi PNP0A08:00: [Firmware Info]: ECAM [mem 0xf0000000-0xf7ffffff] for domain 0000 [bus 00-7f] only partially covers this bridge
May 15 23:54:09 nixos-desktop kernel: PCI host bridge to bus 0000:00
May 15 23:54:09 nixos-desktop kernel: pci_bus 0000:00: root bus resource [io  0x0000-0x03af window]
May 15 23:54:09 nixos-desktop kernel: pci_bus 0000:00: root bus resource [io  0x03e0-0x0cf7 window]
May 15 23:54:09 nixos-desktop kernel: pci_bus 0000:00: root bus resource [io  0x03b0-0x03df window]
May 15 23:54:09 nixos-desktop kernel: pci_bus 0000:00: root bus resource [io  0x0d00-0xffff window]
May 15 23:54:09 nixos-desktop kernel: pci_bus 0000:00: root bus resource [mem 0x000a0000-0x000dffff window]
May 15 23:54:09 nixos-desktop kernel: pci_bus 0000:00: root bus resource [mem 0xd0000000-0xfcffffff window]
May 15 23:54:09 nixos-desktop kernel: pci_bus 0000:00: root bus resource [mem 0x1030000000-0x7fffffffff window]
May 15 23:54:09 nixos-desktop kernel: pci_bus 0000:00: root bus resource [bus 00-ff]
May 15 23:54:09 nixos-desktop kernel: pci 0000:00:00.0: [1022:1480] type 00 class 0x060000 conventional PCI endpoint
May 15 23:54:09 nixos-desktop kernel: pci 0000:00:00.2: [1022:1481] type 00 class 0x080600 conventional PCI endpoint
May 15 23:54:09 nixos-desktop kernel: pci 0000:00:01.0: [1022:1482] type 00 class 0x060000 conventional PCI endpoint
May 15 23:54:09 nixos-desktop kernel: pci 0000:00:01.1: [1022:1483] type 01 class 0x060400 PCIe Root Port
May 15 23:54:09 nixos-desktop kernel: pci 0000:00:01.1: PCI bridge to [bus 01]
May 15 23:54:09 nixos-desktop kernel: pci 0000:00:01.1:   bridge window [mem 0xfcf00000-0xfcffffff]
May 15 23:54:09 nixos-desktop kernel: pci 0000:00:01.1: PME# supported from D0 D3hot D3cold
May 15 23:54:09 nixos-desktop kernel: pci 0000:00:01.2: [1022:1483] type 01 class 0x060400 PCIe Root Port
May 15 23:54:09 nixos-desktop kernel: pci 0000:00:01.2: PCI bridge to [bus 02-08]
May 15 23:54:09 nixos-desktop kernel: pci 0000:00:01.2:   bridge window [io  0xf000-0xffff]
May 15 23:54:09 nixos-desktop kernel: pci 0000:00:01.2:   bridge window [mem 0xfc100000-0xfc6fffff]
May 15 23:54:09 nixos-desktop kernel: pci 0000:00:01.2: enabling Extended Tags
May 15 23:54:09 nixos-desktop kernel: pci 0000:00:01.2: PME# supported from D0 D3hot D3cold
May 15 23:54:09 nixos-desktop kernel: pci 0000:00:02.0: [1022:1482] type 00 class 0x060000 conventional PCI endpoint
May 15 23:54:09 nixos-desktop kernel: pci 0000:00:03.0: [1022:1482] type 00 class 0x060000 conventional PCI endpoint
May 15 23:54:09 nixos-desktop kernel: pci 0000:00:03.1: [1022:1483] type 01 class 0x060400 PCIe Root Port
May 15 23:54:09 nixos-desktop kernel: pci 0000:00:03.1: PCI bridge to [bus 09-0b]
May 15 23:54:09 nixos-desktop kernel: pci 0000:00:03.1:   bridge window [io  0xe000-0xefff]
May 15 23:54:09 nixos-desktop kernel: pci 0000:00:03.1:   bridge window [mem 0xfc700000-0xfcafffff]
May 15 23:54:09 nixos-desktop kernel: pci 0000:00:03.1:   bridge window [mem 0x7000000000-0x780fffffff 64bit pref]
May 15 23:54:09 nixos-desktop kernel: pci 0000:00:03.1: PME# supported from D0 D3hot D3cold
May 15 23:54:09 nixos-desktop kernel: pci 0000:00:03.2: [1022:1483] type 01 class 0x060400 PCIe Root Port
May 15 23:54:09 nixos-desktop kernel: pci 0000:00:03.2: PCI bridge to [bus 0c]
May 15 23:54:09 nixos-desktop kernel: pci 0000:00:03.2:   bridge window [mem 0xfce00000-0xfcefffff]
May 15 23:54:09 nixos-desktop kernel: pci 0000:00:03.2: PME# supported from D0 D3hot D3cold
May 15 23:54:09 nixos-desktop kernel: pci 0000:00:04.0: [1022:1482] type 00 class 0x060000 conventional PCI endpoint
May 15 23:54:09 nixos-desktop kernel: pci 0000:00:05.0: [1022:1482] type 00 class 0x060000 conventional PCI endpoint
May 15 23:54:09 nixos-desktop kernel: pci 0000:00:07.0: [1022:1482] type 00 class 0x060000 conventional PCI endpoint
May 15 23:54:09 nixos-desktop kernel: pci 0000:00:07.1: [1022:1484] type 01 class 0x060400 PCIe Root Port
May 15 23:54:09 nixos-desktop kernel: pci 0000:00:07.1: PCI bridge to [bus 0d]
May 15 23:54:09 nixos-desktop kernel: pci 0000:00:07.1: enabling Extended Tags
May 15 23:54:09 nixos-desktop kernel: pci 0000:00:07.1: PME# supported from D0 D3hot D3cold
May 15 23:54:09 nixos-desktop kernel: pci 0000:00:08.0: [1022:1482] type 00 class 0x060000 conventional PCI endpoint
May 15 23:54:09 nixos-desktop kernel: pci 0000:00:08.1: [1022:1484] type 01 class 0x060400 PCIe Root Port
May 15 23:54:09 nixos-desktop kernel: pci 0000:00:08.1: PCI bridge to [bus 0e]
May 15 23:54:09 nixos-desktop kernel: pci 0000:00:08.1:   bridge window [mem 0xfcb00000-0xfcdfffff]
May 15 23:54:09 nixos-desktop kernel: pci 0000:00:08.1: enabling Extended Tags
May 15 23:54:09 nixos-desktop kernel: pci 0000:00:08.1: PME# supported from D0 D3hot D3cold
May 15 23:54:09 nixos-desktop kernel: pci 0000:00:14.0: [1022:790b] type 00 class 0x0c0500 conventional PCI endpoint
May 15 23:54:09 nixos-desktop kernel: pci 0000:00:14.3: [1022:790e] type 00 class 0x060100 conventional PCI endpoint
May 15 23:54:09 nixos-desktop kernel: pci 0000:00:18.0: [1022:1440] type 00 class 0x060000 conventional PCI endpoint
May 15 23:54:09 nixos-desktop kernel: pci 0000:00:18.1: [1022:1441] type 00 class 0x060000 conventional PCI endpoint
May 15 23:54:09 nixos-desktop kernel: pci 0000:00:18.2: [1022:1442] type 00 class 0x060000 conventional PCI endpoint
May 15 23:54:09 nixos-desktop kernel: pci 0000:00:18.3: [1022:1443] type 00 class 0x060000 conventional PCI endpoint
May 15 23:54:09 nixos-desktop kernel: pci 0000:00:18.4: [1022:1444] type 00 class 0x060000 conventional PCI endpoint
May 15 23:54:09 nixos-desktop kernel: pci 0000:00:18.5: [1022:1445] type 00 class 0x060000 conventional PCI endpoint
May 15 23:54:09 nixos-desktop kernel: pci 0000:00:18.6: [1022:1446] type 00 class 0x060000 conventional PCI endpoint
May 15 23:54:09 nixos-desktop kernel: pci 0000:00:18.7: [1022:1447] type 00 class 0x060000 conventional PCI endpoint
May 15 23:54:09 nixos-desktop kernel: pci 0000:01:00.0: [1987:5012] type 00 class 0x010802 PCIe Endpoint
May 15 23:54:09 nixos-desktop kernel: pci 0000:01:00.0: BAR 0 [mem 0xfcf00000-0xfcf03fff 64bit]
May 15 23:54:09 nixos-desktop kernel: pci 0000:00:01.1: PCI bridge to [bus 01]
May 15 23:54:09 nixos-desktop kernel: pci 0000:02:00.0: [1022:57ad] type 01 class 0x060400 PCIe Switch Upstream Port
May 15 23:54:09 nixos-desktop kernel: pci 0000:02:00.0: PCI bridge to [bus 03-08]
May 15 23:54:09 nixos-desktop kernel: pci 0000:02:00.0:   bridge window [io  0xf000-0xffff]
May 15 23:54:09 nixos-desktop kernel: pci 0000:02:00.0:   bridge window [mem 0xfc100000-0xfc6fffff]
May 15 23:54:09 nixos-desktop kernel: pci 0000:02:00.0: enabling Extended Tags
May 15 23:54:09 nixos-desktop kernel: pci 0000:02:00.0: PME# supported from D0 D3hot D3cold
May 15 23:54:09 nixos-desktop kernel: pci 0000:02:00.0: 63.012 Gb/s available PCIe bandwidth, limited by 16.0 GT/s PCIe x4 link at 0000:00:01.2 (capable of 126.024 Gb/s with 16.0 GT/s PCIe x8 link)
May 15 23:54:09 nixos-desktop kernel: pci 0000:00:01.2: PCI bridge to [bus 02-08]
May 15 23:54:09 nixos-desktop kernel: pci 0000:03:03.0: [1022:57a3] type 01 class 0x060400 PCIe Switch Downstream Port
May 15 23:54:09 nixos-desktop kernel: pci 0000:03:03.0: PCI bridge to [bus 04]
May 15 23:54:09 nixos-desktop kernel: pci 0000:03:03.0:   bridge window [mem 0xfc600000-0xfc6fffff]
May 15 23:54:09 nixos-desktop kernel: pci 0000:03:03.0: enabling Extended Tags
May 15 23:54:09 nixos-desktop kernel: pci 0000:03:03.0: PME# supported from D0 D3hot D3cold
May 15 23:54:09 nixos-desktop kernel: pci 0000:03:05.0: [1022:57a3] type 01 class 0x060400 PCIe Switch Downstream Port
May 15 23:54:09 nixos-desktop kernel: pci 0000:03:05.0: PCI bridge to [bus 05]
May 15 23:54:09 nixos-desktop kernel: pci 0000:03:05.0:   bridge window [io  0xf000-0xffff]
May 15 23:54:09 nixos-desktop kernel: pci 0000:03:05.0:   bridge window [mem 0xfc500000-0xfc5fffff]
May 15 23:54:09 nixos-desktop kernel: pci 0000:03:05.0: enabling Extended Tags
May 15 23:54:09 nixos-desktop kernel: pci 0000:03:05.0: PME# supported from D0 D3hot D3cold
May 15 23:54:09 nixos-desktop kernel: pci 0000:03:08.0: [1022:57a4] type 01 class 0x060400 PCIe Switch Downstream Port
May 15 23:54:09 nixos-desktop kernel: pci 0000:03:08.0: PCI bridge to [bus 06]
May 15 23:54:09 nixos-desktop kernel: pci 0000:03:08.0:   bridge window [mem 0xfc100000-0xfc2fffff]
May 15 23:54:09 nixos-desktop kernel: pci 0000:03:08.0: enabling Extended Tags
May 15 23:54:09 nixos-desktop kernel: pci 0000:03:08.0: PME# supported from D0 D3hot D3cold
May 15 23:54:09 nixos-desktop kernel: pci 0000:03:09.0: [1022:57a4] type 01 class 0x060400 PCIe Switch Downstream Port
May 15 23:54:09 nixos-desktop kernel: pci 0000:03:09.0: PCI bridge to [bus 07]
May 15 23:54:09 nixos-desktop kernel: pci 0000:03:09.0:   bridge window [mem 0xfc400000-0xfc4fffff]
May 15 23:54:09 nixos-desktop kernel: pci 0000:03:09.0: enabling Extended Tags
May 15 23:54:09 nixos-desktop kernel: pci 0000:03:09.0: PME# supported from D0 D3hot D3cold
May 15 23:54:09 nixos-desktop kernel: pci 0000:03:0a.0: [1022:57a4] type 01 class 0x060400 PCIe Switch Downstream Port
May 15 23:54:09 nixos-desktop kernel: pci 0000:03:0a.0: PCI bridge to [bus 08]
May 15 23:54:09 nixos-desktop kernel: pci 0000:03:0a.0:   bridge window [mem 0xfc300000-0xfc3fffff]
May 15 23:54:09 nixos-desktop kernel: pci 0000:03:0a.0: enabling Extended Tags
May 15 23:54:09 nixos-desktop kernel: pci 0000:03:0a.0: PME# supported from D0 D3hot D3cold
May 15 23:54:09 nixos-desktop kernel: pci 0000:02:00.0: PCI bridge to [bus 03-08]
May 15 23:54:09 nixos-desktop kernel: pci 0000:04:00.0: [8086:2725] type 00 class 0x028000 PCIe Endpoint
May 15 23:54:09 nixos-desktop kernel: pci 0000:04:00.0: BAR 0 [mem 0xfc600000-0xfc603fff 64bit]
May 15 23:54:09 nixos-desktop kernel: pci 0000:04:00.0: PME# supported from D0 D3hot D3cold
May 15 23:54:09 nixos-desktop kernel: pci 0000:03:03.0: PCI bridge to [bus 04]
May 15 23:54:09 nixos-desktop kernel: pci 0000:05:00.0: [8086:1539] type 00 class 0x020000 PCIe Endpoint
May 15 23:54:09 nixos-desktop kernel: pci 0000:05:00.0: BAR 0 [mem 0xfc500000-0xfc51ffff]
May 15 23:54:09 nixos-desktop kernel: pci 0000:05:00.0: BAR 2 [io  0xf000-0xf01f]
May 15 23:54:09 nixos-desktop kernel: pci 0000:05:00.0: BAR 3 [mem 0xfc520000-0xfc523fff]
May 15 23:54:09 nixos-desktop kernel: pci 0000:05:00.0: PME# supported from D0 D3hot D3cold
May 15 23:54:09 nixos-desktop kernel: pci 0000:03:05.0: PCI bridge to [bus 05]
May 15 23:54:09 nixos-desktop kernel: pci 0000:06:00.0: [1022:1485] type 00 class 0x130000 PCIe Endpoint
May 15 23:54:09 nixos-desktop kernel: pci 0000:06:00.0: enabling Extended Tags
May 15 23:54:09 nixos-desktop kernel: pci 0000:06:00.0: 63.012 Gb/s available PCIe bandwidth, limited by 16.0 GT/s PCIe x4 link at 0000:00:01.2 (capable of 252.048 Gb/s with 16.0 GT/s PCIe x16 link)
May 15 23:54:09 nixos-desktop kernel: pci 0000:06:00.1: [1022:149c] type 00 class 0x0c0330 PCIe Endpoint
May 15 23:54:09 nixos-desktop kernel: pci 0000:06:00.1: BAR 0 [mem 0xfc200000-0xfc2fffff 64bit]
May 15 23:54:09 nixos-desktop kernel: pci 0000:06:00.1: enabling Extended Tags
May 15 23:54:09 nixos-desktop kernel: pci 0000:06:00.1: PME# supported from D0 D3hot D3cold
May 15 23:54:09 nixos-desktop kernel: pci 0000:06:00.3: [1022:149c] type 00 class 0x0c0330 PCIe Endpoint
May 15 23:54:09 nixos-desktop kernel: pci 0000:06:00.3: BAR 0 [mem 0xfc100000-0xfc1fffff 64bit]
May 15 23:54:09 nixos-desktop kernel: pci 0000:06:00.3: enabling Extended Tags
May 15 23:54:09 nixos-desktop kernel: pci 0000:06:00.3: PME# supported from D0 D3hot D3cold
May 15 23:54:09 nixos-desktop kernel: pci 0000:03:08.0: PCI bridge to [bus 06]
May 15 23:54:09 nixos-desktop kernel: pci 0000:07:00.0: [1022:7901] type 00 class 0x010601 PCIe Endpoint
May 15 23:54:09 nixos-desktop kernel: pci 0000:07:00.0: BAR 5 [mem 0xfc400000-0xfc4007ff]
May 15 23:54:09 nixos-desktop kernel: pci 0000:07:00.0: enabling Extended Tags
May 15 23:54:09 nixos-desktop kernel: pci 0000:07:00.0: PME# supported from D3hot D3cold
May 15 23:54:09 nixos-desktop kernel: pci 0000:07:00.0: 63.012 Gb/s available PCIe bandwidth, limited by 16.0 GT/s PCIe x4 link at 0000:00:01.2 (capable of 252.048 Gb/s with 16.0 GT/s PCIe x16 link)
May 15 23:54:09 nixos-desktop kernel: pci 0000:03:09.0: PCI bridge to [bus 07]
May 15 23:54:09 nixos-desktop kernel: pci 0000:08:00.0: [1022:7901] type 00 class 0x010601 PCIe Endpoint
May 15 23:54:09 nixos-desktop kernel: pci 0000:08:00.0: BAR 5 [mem 0xfc300000-0xfc3007ff]
May 15 23:54:09 nixos-desktop kernel: pci 0000:08:00.0: enabling Extended Tags
May 15 23:54:09 nixos-desktop kernel: pci 0000:08:00.0: PME# supported from D3hot D3cold
May 15 23:54:09 nixos-desktop kernel: pci 0000:08:00.0: 63.012 Gb/s available PCIe bandwidth, limited by 16.0 GT/s PCIe x4 link at 0000:00:01.2 (capable of 252.048 Gb/s with 16.0 GT/s PCIe x16 link)
May 15 23:54:09 nixos-desktop kernel: pci 0000:03:0a.0: PCI bridge to [bus 08]
May 15 23:54:09 nixos-desktop kernel: pci 0000:09:00.0: [1002:1478] type 01 class 0x060400 PCIe Switch Upstream Port
May 15 23:54:09 nixos-desktop kernel: pci 0000:09:00.0: BAR 0 [mem 0xfca00000-0xfca03fff]
May 15 23:54:09 nixos-desktop kernel: pci 0000:09:00.0: PCI bridge to [bus 0a-0b]
May 15 23:54:09 nixos-desktop kernel: pci 0000:09:00.0:   bridge window [io  0xe000-0xefff]
May 15 23:54:09 nixos-desktop kernel: pci 0000:09:00.0:   bridge window [mem 0xfc700000-0xfc9fffff]
May 15 23:54:09 nixos-desktop kernel: pci 0000:09:00.0:   bridge window [mem 0x7000000000-0x780fffffff 64bit pref]
May 15 23:54:09 nixos-desktop kernel: pci 0000:09:00.0: PME# supported from D0 D3hot D3cold
May 15 23:54:09 nixos-desktop kernel: pci 0000:09:00.0: 126.024 Gb/s available PCIe bandwidth, limited by 16.0 GT/s PCIe x8 link at 0000:00:03.1 (capable of 252.048 Gb/s with 16.0 GT/s PCIe x16 link)
May 15 23:54:09 nixos-desktop kernel: pci 0000:00:03.1: PCI bridge to [bus 09-0b]
May 15 23:54:09 nixos-desktop kernel: pci 0000:0a:00.0: [1002:1479] type 01 class 0x060400 PCIe Switch Downstream Port
May 15 23:54:09 nixos-desktop kernel: pci 0000:0a:00.0: PCI bridge to [bus 0b]
May 15 23:54:09 nixos-desktop kernel: pci 0000:0a:00.0:   bridge window [io  0xe000-0xefff]
May 15 23:54:09 nixos-desktop kernel: pci 0000:0a:00.0:   bridge window [mem 0xfc700000-0xfc9fffff]
May 15 23:54:09 nixos-desktop kernel: pci 0000:0a:00.0:   bridge window [mem 0x7000000000-0x780fffffff 64bit pref]
May 15 23:54:09 nixos-desktop kernel: pci 0000:0a:00.0: PME# supported from D0 D3hot D3cold
May 15 23:54:09 nixos-desktop kernel: pci 0000:09:00.0: PCI bridge to [bus 0a-0b]
May 15 23:54:09 nixos-desktop kernel: pci 0000:0b:00.0: [1002:744c] type 00 class 0x030000 PCIe Legacy Endpoint
May 15 23:54:09 nixos-desktop kernel: pci 0000:0b:00.0: BAR 0 [mem 0x7000000000-0x77ffffffff 64bit pref]
May 15 23:54:09 nixos-desktop kernel: pci 0000:0b:00.0: BAR 2 [mem 0x7800000000-0x780fffffff 64bit pref]
May 15 23:54:09 nixos-desktop kernel: pci 0000:0b:00.0: BAR 4 [io  0xe000-0xe0ff]
May 15 23:54:09 nixos-desktop kernel: pci 0000:0b:00.0: BAR 5 [mem 0xfc800000-0xfc8fffff]
May 15 23:54:09 nixos-desktop kernel: pci 0000:0b:00.0: ROM [mem 0xfc900000-0xfc91ffff pref]
May 15 23:54:09 nixos-desktop kernel: pci 0000:0b:00.0: PME# supported from D1 D2 D3hot D3cold
May 15 23:54:09 nixos-desktop kernel: pci 0000:0b:00.0: 126.024 Gb/s available PCIe bandwidth, limited by 16.0 GT/s PCIe x8 link at 0000:00:03.1 (capable of 252.048 Gb/s with 16.0 GT/s PCIe x16 link)
May 15 23:54:09 nixos-desktop kernel: pci 0000:0b:00.1: [1002:ab30] type 00 class 0x040300 PCIe Legacy Endpoint
May 15 23:54:09 nixos-desktop kernel: pci 0000:0b:00.1: BAR 0 [mem 0xfc924000-0xfc927fff]
May 15 23:54:09 nixos-desktop kernel: pci 0000:0b:00.1: PME# supported from D1 D2 D3hot D3cold
May 15 23:54:09 nixos-desktop kernel: pci 0000:0b:00.2: [1002:7446] type 00 class 0x0c0330 PCIe Endpoint
May 15 23:54:09 nixos-desktop kernel: pci 0000:0b:00.2: BAR 0 [mem 0xfc700000-0xfc7fffff 64bit]
May 15 23:54:09 nixos-desktop kernel: pci 0000:0b:00.2: PME# supported from D0 D3hot D3cold
May 15 23:54:09 nixos-desktop kernel: pci 0000:0b:00.3: [1002:7444] type 00 class 0x0c8000 PCIe Endpoint
May 15 23:54:09 nixos-desktop kernel: pci 0000:0b:00.3: BAR 0 [mem 0xfc920000-0xfc923fff 64bit]
May 15 23:54:09 nixos-desktop kernel: pci 0000:0b:00.3: PME# supported from D0 D3hot
May 15 23:54:09 nixos-desktop kernel: pci 0000:0a:00.0: PCI bridge to [bus 0b]
May 15 23:54:09 nixos-desktop kernel: pci 0000:0c:00.0: [c0a9:5407] type 00 class 0x010802 PCIe Endpoint
May 15 23:54:09 nixos-desktop kernel: pci 0000:0c:00.0: BAR 0 [mem 0xfce00000-0xfce03fff 64bit]
May 15 23:54:09 nixos-desktop kernel: pci 0000:00:03.2: PCI bridge to [bus 0c]
May 15 23:54:09 nixos-desktop kernel: pci 0000:0d:00.0: [1022:148a] type 00 class 0x130000 PCIe Endpoint
May 15 23:54:09 nixos-desktop kernel: pci 0000:0d:00.0: enabling Extended Tags
May 15 23:54:09 nixos-desktop kernel: pci 0000:00:07.1: PCI bridge to [bus 0d]
May 15 23:54:09 nixos-desktop kernel: pci 0000:0e:00.0: [1022:1485] type 00 class 0x130000 PCIe Endpoint
May 15 23:54:09 nixos-desktop kernel: pci 0000:0e:00.0: enabling Extended Tags
May 15 23:54:09 nixos-desktop kernel: pci 0000:0e:00.1: [1022:1486] type 00 class 0x108000 PCIe Endpoint
May 15 23:54:09 nixos-desktop kernel: pci 0000:0e:00.1: BAR 2 [mem 0xfcc00000-0xfccfffff]
May 15 23:54:09 nixos-desktop kernel: pci 0000:0e:00.1: BAR 5 [mem 0xfcd08000-0xfcd09fff]
May 15 23:54:09 nixos-desktop kernel: pci 0000:0e:00.1: enabling Extended Tags
May 15 23:54:09 nixos-desktop kernel: pci 0000:0e:00.3: [1022:149c] type 00 class 0x0c0330 PCIe Endpoint
May 15 23:54:09 nixos-desktop kernel: pci 0000:0e:00.3: BAR 0 [mem 0xfcb00000-0xfcbfffff 64bit]
May 15 23:54:09 nixos-desktop kernel: pci 0000:0e:00.3: enabling Extended Tags
May 15 23:54:09 nixos-desktop kernel: pci 0000:0e:00.3: PME# supported from D0 D3hot D3cold
May 15 23:54:09 nixos-desktop kernel: pci 0000:0e:00.4: [1022:1487] type 00 class 0x040300 PCIe Endpoint
May 15 23:54:09 nixos-desktop kernel: pci 0000:0e:00.4: BAR 0 [mem 0xfcd00000-0xfcd07fff]
May 15 23:54:09 nixos-desktop kernel: pci 0000:0e:00.4: enabling Extended Tags
May 15 23:54:09 nixos-desktop kernel: pci 0000:0e:00.4: PME# supported from D0 D3hot D3cold
May 15 23:54:09 nixos-desktop kernel: pci 0000:00:08.1: PCI bridge to [bus 0e]
May 15 23:54:09 nixos-desktop kernel: ACPI: PCI: Interrupt link LNKA configured for IRQ 0
May 15 23:54:09 nixos-desktop kernel: ACPI: PCI: Interrupt link LNKB configured for IRQ 0
May 15 23:54:09 nixos-desktop kernel: ACPI: PCI: Interrupt link LNKC configured for IRQ 0
May 15 23:54:09 nixos-desktop kernel: ACPI: PCI: Interrupt link LNKD configured for IRQ 0
May 15 23:54:09 nixos-desktop kernel: ACPI: PCI: Interrupt link LNKE configured for IRQ 0
May 15 23:54:09 nixos-desktop kernel: ACPI: PCI: Interrupt link LNKF configured for IRQ 0
May 15 23:54:09 nixos-desktop kernel: ACPI: PCI: Interrupt link LNKG configured for IRQ 0
May 15 23:54:09 nixos-desktop kernel: ACPI: PCI: Interrupt link LNKH configured for IRQ 0
May 15 23:54:09 nixos-desktop kernel: ACPI: EC: interrupt unblocked
May 15 23:54:09 nixos-desktop kernel: ACPI: EC: event unblocked
May 15 23:54:09 nixos-desktop kernel: ACPI: EC: EC_CMD/EC_SC=0x66, EC_DATA=0x62
May 15 23:54:09 nixos-desktop kernel: ACPI: EC: GPE=0x2
May 15 23:54:09 nixos-desktop kernel: ACPI: \_SB_.PCI0.SBRG.EC0_: Boot DSDT EC initialization complete
May 15 23:54:09 nixos-desktop kernel: ACPI: \_SB_.PCI0.SBRG.EC0_: EC: Used to handle transactions and events
May 15 23:54:09 nixos-desktop kernel: iommu: Default domain type: Translated
May 15 23:54:09 nixos-desktop kernel: iommu: DMA domain TLB invalidation policy: lazy mode
May 15 23:54:09 nixos-desktop kernel: ACPI: bus type USB registered
May 15 23:54:09 nixos-desktop kernel: usbcore: registered new interface driver usbfs
May 15 23:54:09 nixos-desktop kernel: usbcore: registered new interface driver hub
May 15 23:54:09 nixos-desktop kernel: usbcore: registered new device driver usb
May 15 23:54:09 nixos-desktop kernel: efivars: Registered efivars operations
May 15 23:54:09 nixos-desktop kernel: NetLabel: Initializing
May 15 23:54:09 nixos-desktop kernel: NetLabel:  domain hash size = 128
May 15 23:54:09 nixos-desktop kernel: NetLabel:  protocols = UNLABELED CIPSOv4 CALIPSO
May 15 23:54:09 nixos-desktop kernel: NetLabel:  unlabeled traffic allowed by default
May 15 23:54:09 nixos-desktop kernel: PCI: Using ACPI for IRQ routing
May 15 23:54:09 nixos-desktop kernel: PCI: pci_cache_line_size set to 64 bytes
May 15 23:54:09 nixos-desktop kernel: e820: reserve RAM buffer [mem 0x09d1f000-0x0bffffff]
May 15 23:54:09 nixos-desktop kernel: e820: reserve RAM buffer [mem 0x0a200000-0x0bffffff]
May 15 23:54:09 nixos-desktop kernel: e820: reserve RAM buffer [mem 0xc3273000-0xc3ffffff]
May 15 23:54:09 nixos-desktop kernel: e820: reserve RAM buffer [mem 0xc5ed0000-0xc7ffffff]
May 15 23:54:09 nixos-desktop kernel: e820: reserve RAM buffer [mem 0xc833d000-0xcbffffff]
May 15 23:54:09 nixos-desktop kernel: e820: reserve RAM buffer [mem 0xc9d60000-0xcbffffff]
May 15 23:54:09 nixos-desktop kernel: e820: reserve RAM buffer [mem 0xcd000000-0xcfffffff]
May 15 23:54:09 nixos-desktop kernel: e820: reserve RAM buffer [mem 0x102f380000-0x102fffffff]
May 15 23:54:09 nixos-desktop kernel: pci 0000:0b:00.0: vgaarb: setting as boot VGA device
May 15 23:54:09 nixos-desktop kernel: pci 0000:0b:00.0: vgaarb: bridge control possible
May 15 23:54:09 nixos-desktop kernel: pci 0000:0b:00.0: vgaarb: VGA device added: decodes=io+mem,owns=none,locks=none
May 15 23:54:09 nixos-desktop kernel: vgaarb: loaded
May 15 23:54:09 nixos-desktop kernel: hpet0: at MMIO 0xfed00000, IRQs 2, 8, 0
May 15 23:54:09 nixos-desktop kernel: hpet0: 3 comparators, 32-bit 14.318180 MHz counter
May 15 23:54:09 nixos-desktop kernel: clocksource: Switched to clocksource tsc-early
May 15 23:54:09 nixos-desktop kernel: VFS: Disk quotas dquot_6.6.0
May 15 23:54:09 nixos-desktop kernel: VFS: Dquot-cache hash table entries: 512 (order 0, 4096 bytes)
May 15 23:54:09 nixos-desktop kernel: pnp: PnP ACPI init
May 15 23:54:09 nixos-desktop kernel: system 00:00: [mem 0xf0000000-0xf7ffffff] has been reserved
May 15 23:54:09 nixos-desktop kernel: system 00:01: [mem 0xfd200000-0xfd2fffff] has been reserved
May 15 23:54:09 nixos-desktop kernel: system 00:03: [io  0x0290-0x029f] has been reserved
May 15 23:54:09 nixos-desktop kernel: system 00:03: [io  0x0200-0x021f] has been reserved
May 15 23:54:09 nixos-desktop kernel: pnp 00:04: [dma 0 disabled]
May 15 23:54:09 nixos-desktop kernel: system 00:05: [io  0x04d0-0x04d1] has been reserved
May 15 23:54:09 nixos-desktop kernel: system 00:05: [io  0x040b] has been reserved
May 15 23:54:09 nixos-desktop kernel: system 00:05: [io  0x04d6] has been reserved
May 15 23:54:09 nixos-desktop kernel: system 00:05: [io  0x0c00-0x0c01] has been reserved
May 15 23:54:09 nixos-desktop kernel: system 00:05: [io  0x0c14] has been reserved
May 15 23:54:09 nixos-desktop kernel: system 00:05: [io  0x0c50-0x0c51] has been reserved
May 15 23:54:09 nixos-desktop kernel: system 00:05: [io  0x0c52] has been reserved
May 15 23:54:09 nixos-desktop kernel: system 00:05: [io  0x0c6c] has been reserved
May 15 23:54:09 nixos-desktop kernel: system 00:05: [io  0x0c6f] has been reserved
May 15 23:54:09 nixos-desktop kernel: system 00:05: [io  0x0cd8-0x0cdf] has been reserved
May 15 23:54:09 nixos-desktop kernel: system 00:05: [io  0x0800-0x089f] has been reserved
May 15 23:54:09 nixos-desktop kernel: system 00:05: [io  0x0b00-0x0b0f] has been reserved
May 15 23:54:09 nixos-desktop kernel: system 00:05: [io  0x0b20-0x0b3f] has been reserved
May 15 23:54:09 nixos-desktop kernel: system 00:05: [io  0x0900-0x090f] has been reserved
May 15 23:54:09 nixos-desktop kernel: system 00:05: [io  0x0910-0x091f] has been reserved
May 15 23:54:09 nixos-desktop kernel: system 00:05: [mem 0xfec00000-0xfec00fff] could not be reserved
May 15 23:54:09 nixos-desktop kernel: system 00:05: [mem 0xfec01000-0xfec01fff] could not be reserved
May 15 23:54:09 nixos-desktop kernel: system 00:05: [mem 0xfedc0000-0xfedc0fff] has been reserved
May 15 23:54:09 nixos-desktop kernel: system 00:05: [mem 0xfee00000-0xfee00fff] has been reserved
May 15 23:54:09 nixos-desktop kernel: system 00:05: [mem 0xfed80000-0xfed8ffff] could not be reserved
May 15 23:54:09 nixos-desktop kernel: system 00:05: [mem 0xfec10000-0xfec10fff] has been reserved
May 15 23:54:09 nixos-desktop kernel: system 00:05: [mem 0xff000000-0xffffffff] has been reserved
May 15 23:54:09 nixos-desktop kernel: pnp: PnP ACPI: found 6 devices
May 15 23:54:09 nixos-desktop kernel: clocksource: acpi_pm: mask: 0xffffff max_cycles: 0xffffff, max_idle_ns: 2085701024 ns
May 15 23:54:09 nixos-desktop kernel: NET: Registered PF_INET protocol family
May 15 23:54:09 nixos-desktop kernel: IP idents hash table entries: 262144 (order: 9, 2097152 bytes, linear)
May 15 23:54:09 nixos-desktop kernel: tcp_listen_portaddr_hash hash table entries: 32768 (order: 7, 524288 bytes, linear)
May 15 23:54:09 nixos-desktop kernel: Table-perturb hash table entries: 65536 (order: 6, 262144 bytes, linear)
May 15 23:54:09 nixos-desktop kernel: TCP established hash table entries: 524288 (order: 10, 4194304 bytes, linear)
May 15 23:54:09 nixos-desktop kernel: TCP bind hash table entries: 65536 (order: 9, 2097152 bytes, linear)
May 15 23:54:09 nixos-desktop kernel: TCP: Hash tables configured (established 524288 bind 65536)
May 15 23:54:09 nixos-desktop kernel: MPTCP token hash table entries: 65536 (order: 8, 1572864 bytes, linear)
May 15 23:54:09 nixos-desktop kernel: UDP hash table entries: 32768 (order: 9, 2097152 bytes, linear)
May 15 23:54:09 nixos-desktop kernel: UDP-Lite hash table entries: 32768 (order: 9, 2097152 bytes, linear)
May 15 23:54:09 nixos-desktop kernel: NET: Registered PF_UNIX/PF_LOCAL protocol family
May 15 23:54:09 nixos-desktop kernel: NET: Registered PF_XDP protocol family
May 15 23:54:09 nixos-desktop kernel: pci 0000:00:01.1: PCI bridge to [bus 01]
May 15 23:54:09 nixos-desktop kernel: pci 0000:00:01.1:   bridge window [mem 0xfcf00000-0xfcffffff]
May 15 23:54:09 nixos-desktop kernel: pci 0000:03:03.0: PCI bridge to [bus 04]
May 15 23:54:09 nixos-desktop kernel: pci 0000:03:03.0:   bridge window [mem 0xfc600000-0xfc6fffff]
May 15 23:54:09 nixos-desktop kernel: pci 0000:03:05.0: PCI bridge to [bus 05]
May 15 23:54:09 nixos-desktop kernel: pci 0000:03:05.0:   bridge window [io  0xf000-0xffff]
May 15 23:54:09 nixos-desktop kernel: pci 0000:03:05.0:   bridge window [mem 0xfc500000-0xfc5fffff]
May 15 23:54:09 nixos-desktop kernel: pci 0000:03:08.0: PCI bridge to [bus 06]
May 15 23:54:09 nixos-desktop kernel: pci 0000:03:08.0:   bridge window [mem 0xfc100000-0xfc2fffff]
May 15 23:54:09 nixos-desktop kernel: pci 0000:03:09.0: PCI bridge to [bus 07]
May 15 23:54:09 nixos-desktop kernel: pci 0000:03:09.0:   bridge window [mem 0xfc400000-0xfc4fffff]
May 15 23:54:09 nixos-desktop kernel: pci 0000:03:0a.0: PCI bridge to [bus 08]
May 15 23:54:09 nixos-desktop kernel: pci 0000:03:0a.0:   bridge window [mem 0xfc300000-0xfc3fffff]
May 15 23:54:09 nixos-desktop kernel: pci 0000:02:00.0: PCI bridge to [bus 03-08]
May 15 23:54:09 nixos-desktop kernel: pci 0000:02:00.0:   bridge window [io  0xf000-0xffff]
May 15 23:54:09 nixos-desktop kernel: pci 0000:02:00.0:   bridge window [mem 0xfc100000-0xfc6fffff]
May 15 23:54:09 nixos-desktop kernel: pci 0000:00:01.2: PCI bridge to [bus 02-08]
May 15 23:54:09 nixos-desktop kernel: pci 0000:00:01.2:   bridge window [io  0xf000-0xffff]
May 15 23:54:09 nixos-desktop kernel: pci 0000:00:01.2:   bridge window [mem 0xfc100000-0xfc6fffff]
May 15 23:54:09 nixos-desktop kernel: pci 0000:0a:00.0: PCI bridge to [bus 0b]
May 15 23:54:09 nixos-desktop kernel: pci 0000:0a:00.0:   bridge window [io  0xe000-0xefff]
May 15 23:54:09 nixos-desktop kernel: pci 0000:0a:00.0:   bridge window [mem 0xfc700000-0xfc9fffff]
May 15 23:54:09 nixos-desktop kernel: pci 0000:0a:00.0:   bridge window [mem 0x7000000000-0x780fffffff 64bit pref]
May 15 23:54:09 nixos-desktop kernel: pci 0000:09:00.0: PCI bridge to [bus 0a-0b]
May 15 23:54:09 nixos-desktop kernel: pci 0000:09:00.0:   bridge window [io  0xe000-0xefff]
May 15 23:54:09 nixos-desktop kernel: pci 0000:09:00.0:   bridge window [mem 0xfc700000-0xfc9fffff]
May 15 23:54:09 nixos-desktop kernel: pci 0000:09:00.0:   bridge window [mem 0x7000000000-0x780fffffff 64bit pref]
May 15 23:54:09 nixos-desktop kernel: pci 0000:00:03.1: PCI bridge to [bus 09-0b]
May 15 23:54:09 nixos-desktop kernel: pci 0000:00:03.1:   bridge window [io  0xe000-0xefff]
May 15 23:54:09 nixos-desktop kernel: pci 0000:00:03.1:   bridge window [mem 0xfc700000-0xfcafffff]
May 15 23:54:09 nixos-desktop kernel: pci 0000:00:03.1:   bridge window [mem 0x7000000000-0x780fffffff 64bit pref]
May 15 23:54:09 nixos-desktop kernel: pci 0000:00:03.2: PCI bridge to [bus 0c]
May 15 23:54:09 nixos-desktop kernel: pci 0000:00:03.2:   bridge window [mem 0xfce00000-0xfcefffff]
May 15 23:54:09 nixos-desktop kernel: pci 0000:00:07.1: PCI bridge to [bus 0d]
May 15 23:54:09 nixos-desktop kernel: pci 0000:00:08.1: PCI bridge to [bus 0e]
May 15 23:54:09 nixos-desktop kernel: pci 0000:00:08.1:   bridge window [mem 0xfcb00000-0xfcdfffff]
May 15 23:54:09 nixos-desktop kernel: pci_bus 0000:00: resource 4 [io  0x0000-0x03af window]
May 15 23:54:09 nixos-desktop kernel: pci_bus 0000:00: resource 5 [io  0x03e0-0x0cf7 window]
May 15 23:54:09 nixos-desktop kernel: pci_bus 0000:00: resource 6 [io  0x03b0-0x03df window]
May 15 23:54:09 nixos-desktop kernel: pci_bus 0000:00: resource 7 [io  0x0d00-0xffff window]
May 15 23:54:09 nixos-desktop kernel: pci_bus 0000:00: resource 8 [mem 0x000a0000-0x000dffff window]
May 15 23:54:09 nixos-desktop kernel: pci_bus 0000:00: resource 9 [mem 0xd0000000-0xfcffffff window]
May 15 23:54:09 nixos-desktop kernel: pci_bus 0000:00: resource 10 [mem 0x1030000000-0x7fffffffff window]
May 15 23:54:09 nixos-desktop kernel: pci_bus 0000:01: resource 1 [mem 0xfcf00000-0xfcffffff]
May 15 23:54:09 nixos-desktop kernel: pci_bus 0000:02: resource 0 [io  0xf000-0xffff]
May 15 23:54:09 nixos-desktop kernel: pci_bus 0000:02: resource 1 [mem 0xfc100000-0xfc6fffff]
May 15 23:54:09 nixos-desktop kernel: pci_bus 0000:03: resource 0 [io  0xf000-0xffff]
May 15 23:54:09 nixos-desktop kernel: pci_bus 0000:03: resource 1 [mem 0xfc100000-0xfc6fffff]
May 15 23:54:09 nixos-desktop kernel: pci_bus 0000:04: resource 1 [mem 0xfc600000-0xfc6fffff]
May 15 23:54:09 nixos-desktop kernel: pci_bus 0000:05: resource 0 [io  0xf000-0xffff]
May 15 23:54:09 nixos-desktop kernel: pci_bus 0000:05: resource 1 [mem 0xfc500000-0xfc5fffff]
May 15 23:54:09 nixos-desktop kernel: pci_bus 0000:06: resource 1 [mem 0xfc100000-0xfc2fffff]
May 15 23:54:09 nixos-desktop kernel: pci_bus 0000:07: resource 1 [mem 0xfc400000-0xfc4fffff]
May 15 23:54:09 nixos-desktop kernel: pci_bus 0000:08: resource 1 [mem 0xfc300000-0xfc3fffff]
May 15 23:54:09 nixos-desktop kernel: pci_bus 0000:09: resource 0 [io  0xe000-0xefff]
May 15 23:54:09 nixos-desktop kernel: pci_bus 0000:09: resource 1 [mem 0xfc700000-0xfcafffff]
May 15 23:54:09 nixos-desktop kernel: pci_bus 0000:09: resource 2 [mem 0x7000000000-0x780fffffff 64bit pref]
May 15 23:54:09 nixos-desktop kernel: pci_bus 0000:0a: resource 0 [io  0xe000-0xefff]
May 15 23:54:09 nixos-desktop kernel: pci_bus 0000:0a: resource 1 [mem 0xfc700000-0xfc9fffff]
May 15 23:54:09 nixos-desktop kernel: pci_bus 0000:0a: resource 2 [mem 0x7000000000-0x780fffffff 64bit pref]
May 15 23:54:09 nixos-desktop kernel: pci_bus 0000:0b: resource 0 [io  0xe000-0xefff]
May 15 23:54:09 nixos-desktop kernel: pci_bus 0000:0b: resource 1 [mem 0xfc700000-0xfc9fffff]
May 15 23:54:09 nixos-desktop kernel: pci_bus 0000:0b: resource 2 [mem 0x7000000000-0x780fffffff 64bit pref]
May 15 23:54:09 nixos-desktop kernel: pci_bus 0000:0c: resource 1 [mem 0xfce00000-0xfcefffff]
May 15 23:54:09 nixos-desktop kernel: pci_bus 0000:0e: resource 1 [mem 0xfcb00000-0xfcdfffff]
May 15 23:54:09 nixos-desktop kernel: pci 0000:0b:00.1: D0 power state depends on 0000:0b:00.0
May 15 23:54:09 nixos-desktop kernel: pci 0000:0b:00.2: D0 power state depends on 0000:0b:00.0
May 15 23:54:09 nixos-desktop kernel: pci 0000:0b:00.3: D0 power state depends on 0000:0b:00.0
May 15 23:54:09 nixos-desktop kernel: PCI: CLS 64 bytes, default 64
May 15 23:54:09 nixos-desktop kernel: pci 0000:00:00.2: AMD-Vi: IOMMU performance counters supported
May 15 23:54:09 nixos-desktop kernel: Trying to unpack rootfs image as initramfs...
May 15 23:54:09 nixos-desktop kernel: pci 0000:00:00.0: Adding to iommu group 0
May 15 23:54:09 nixos-desktop kernel: pci 0000:00:01.0: Adding to iommu group 1
May 15 23:54:09 nixos-desktop kernel: pci 0000:00:01.1: Adding to iommu group 2
May 15 23:54:09 nixos-desktop kernel: pci 0000:00:01.2: Adding to iommu group 3
May 15 23:54:09 nixos-desktop kernel: pci 0000:00:02.0: Adding to iommu group 4
May 15 23:54:09 nixos-desktop kernel: pci 0000:00:03.0: Adding to iommu group 5
May 15 23:54:09 nixos-desktop kernel: pci 0000:00:03.1: Adding to iommu group 6
May 15 23:54:09 nixos-desktop kernel: pci 0000:00:03.2: Adding to iommu group 7
May 15 23:54:09 nixos-desktop kernel: pci 0000:00:04.0: Adding to iommu group 8
May 15 23:54:09 nixos-desktop kernel: pci 0000:00:05.0: Adding to iommu group 9
May 15 23:54:09 nixos-desktop kernel: pci 0000:00:07.0: Adding to iommu group 10
May 15 23:54:09 nixos-desktop kernel: pci 0000:00:07.1: Adding to iommu group 11
May 15 23:54:09 nixos-desktop kernel: pci 0000:00:08.0: Adding to iommu group 12
May 15 23:54:09 nixos-desktop kernel: pci 0000:00:08.1: Adding to iommu group 13
May 15 23:54:09 nixos-desktop kernel: pci 0000:00:14.0: Adding to iommu group 14
May 15 23:54:09 nixos-desktop kernel: pci 0000:00:14.3: Adding to iommu group 14
May 15 23:54:09 nixos-desktop kernel: pci 0000:00:18.0: Adding to iommu group 15
May 15 23:54:09 nixos-desktop kernel: pci 0000:00:18.1: Adding to iommu group 15
May 15 23:54:09 nixos-desktop kernel: pci 0000:00:18.2: Adding to iommu group 15
May 15 23:54:09 nixos-desktop kernel: pci 0000:00:18.3: Adding to iommu group 15
May 15 23:54:09 nixos-desktop kernel: pci 0000:00:18.4: Adding to iommu group 15
May 15 23:54:09 nixos-desktop kernel: pci 0000:00:18.5: Adding to iommu group 15
May 15 23:54:09 nixos-desktop kernel: pci 0000:00:18.6: Adding to iommu group 15
May 15 23:54:09 nixos-desktop kernel: pci 0000:00:18.7: Adding to iommu group 15
May 15 23:54:09 nixos-desktop kernel: pci 0000:01:00.0: Adding to iommu group 16
May 15 23:54:09 nixos-desktop kernel: pci 0000:02:00.0: Adding to iommu group 17
May 15 23:54:09 nixos-desktop kernel: pci 0000:03:03.0: Adding to iommu group 18
May 15 23:54:09 nixos-desktop kernel: pci 0000:03:05.0: Adding to iommu group 19
May 15 23:54:09 nixos-desktop kernel: pci 0000:03:08.0: Adding to iommu group 20
May 15 23:54:09 nixos-desktop kernel: pci 0000:03:09.0: Adding to iommu group 21
May 15 23:54:09 nixos-desktop kernel: pci 0000:03:0a.0: Adding to iommu group 22
May 15 23:54:09 nixos-desktop kernel: pci 0000:04:00.0: Adding to iommu group 23
May 15 23:54:09 nixos-desktop kernel: pci 0000:05:00.0: Adding to iommu group 24
May 15 23:54:09 nixos-desktop kernel: pci 0000:06:00.0: Adding to iommu group 20
May 15 23:54:09 nixos-desktop kernel: pci 0000:06:00.1: Adding to iommu group 20
May 15 23:54:09 nixos-desktop kernel: pci 0000:06:00.3: Adding to iommu group 20
May 15 23:54:09 nixos-desktop kernel: pci 0000:07:00.0: Adding to iommu group 21
May 15 23:54:09 nixos-desktop kernel: pci 0000:08:00.0: Adding to iommu group 22
May 15 23:54:09 nixos-desktop kernel: pci 0000:09:00.0: Adding to iommu group 25
May 15 23:54:09 nixos-desktop kernel: pci 0000:0a:00.0: Adding to iommu group 26
May 15 23:54:09 nixos-desktop kernel: pci 0000:0b:00.0: Adding to iommu group 27
May 15 23:54:09 nixos-desktop kernel: pci 0000:0b:00.1: Adding to iommu group 28
May 15 23:54:09 nixos-desktop kernel: pci 0000:0b:00.2: Adding to iommu group 29
May 15 23:54:09 nixos-desktop kernel: pci 0000:0b:00.3: Adding to iommu group 30
May 15 23:54:09 nixos-desktop kernel: pci 0000:0c:00.0: Adding to iommu group 31
May 15 23:54:09 nixos-desktop kernel: pci 0000:0d:00.0: Adding to iommu group 32
May 15 23:54:09 nixos-desktop kernel: pci 0000:0e:00.0: Adding to iommu group 33
May 15 23:54:09 nixos-desktop kernel: pci 0000:0e:00.1: Adding to iommu group 34
May 15 23:54:09 nixos-desktop kernel: pci 0000:0e:00.3: Adding to iommu group 35
May 15 23:54:09 nixos-desktop kernel: pci 0000:0e:00.4: Adding to iommu group 36
May 15 23:54:09 nixos-desktop kernel: AMD-Vi: Extended features (0x58f77ef22294a5a, 0x0): PPR NX GT IA PC GA_vAPIC
May 15 23:54:09 nixos-desktop kernel: AMD-Vi: Interrupt remapping enabled
May 15 23:54:09 nixos-desktop kernel: PCI-DMA: Using software bounce buffering for IO (SWIOTLB)
May 15 23:54:09 nixos-desktop kernel: software IO TLB: mapped [mem 0x00000000b6969000-0x00000000ba969000] (64MB)
May 15 23:54:09 nixos-desktop kernel: LVT offset 0 assigned for vector 0x400
May 15 23:54:09 nixos-desktop kernel: perf: AMD IBS detected (0x000003ff)
May 15 23:54:09 nixos-desktop kernel: perf/amd_iommu: Detected AMD IOMMU #0 (2 banks, 4 counters/bank).
May 15 23:54:09 nixos-desktop kernel: Initialise system trusted keyrings
May 15 23:54:09 nixos-desktop kernel: workingset: timestamp_bits=40 max_order=24 bucket_order=0
May 15 23:54:09 nixos-desktop kernel: Key type asymmetric registered
May 15 23:54:09 nixos-desktop kernel: Asymmetric key parser 'x509' registered
May 15 23:54:09 nixos-desktop kernel: Block layer SCSI generic (bsg) driver version 0.4 loaded (major 251)
May 15 23:54:09 nixos-desktop kernel: io scheduler mq-deadline registered
May 15 23:54:09 nixos-desktop kernel: io scheduler kyber registered
May 15 23:54:09 nixos-desktop kernel: pcieport 0000:00:01.1: PME: Signaling with IRQ 29
May 15 23:54:09 nixos-desktop kernel: pcieport 0000:00:01.2: PME: Signaling with IRQ 30
May 15 23:54:09 nixos-desktop kernel: pcieport 0000:00:03.1: PME: Signaling with IRQ 31
May 15 23:54:09 nixos-desktop kernel: pcieport 0000:00:03.2: PME: Signaling with IRQ 32
May 15 23:54:09 nixos-desktop kernel: pcieport 0000:00:07.1: PME: Signaling with IRQ 34
May 15 23:54:09 nixos-desktop kernel: pcieport 0000:00:08.1: PME: Signaling with IRQ 35
May 15 23:54:09 nixos-desktop kernel: Monitor-Mwait will be used to enter C-1 state
May 15 23:54:09 nixos-desktop kernel: Estimated ratio of average max frequency by base frequency (times 1024): 1220
May 15 23:54:09 nixos-desktop kernel: Serial: 8250/16550 driver, 4 ports, IRQ sharing enabled
May 15 23:54:09 nixos-desktop kernel: 00:04: ttyS0 at I/O 0x3f8 (irq = 4, base_baud = 115200) is a 16550A
May 15 23:54:09 nixos-desktop kernel: Linux agpgart interface v0.103
May 15 23:54:09 nixos-desktop kernel: ACPI: bus type drm_connector registered
May 15 23:54:09 nixos-desktop kernel: usbcore: registered new interface driver usbserial_generic
May 15 23:54:09 nixos-desktop kernel: usbserial: USB Serial support registered for generic
May 15 23:54:09 nixos-desktop kernel: Freeing initrd memory: 14976K
May 15 23:54:09 nixos-desktop kernel: simple-framebuffer simple-framebuffer.0: [drm] Registered 1 planes with drm panic
May 15 23:54:09 nixos-desktop kernel: [drm] Initialized simpledrm 1.0.0 for simple-framebuffer.0 on minor 0
May 15 23:54:09 nixos-desktop kernel: fbcon: Deferring console take-over
May 15 23:54:09 nixos-desktop kernel: simple-framebuffer simple-framebuffer.0: [drm] fb0: simpledrmdrmfb frame buffer device
May 15 23:54:09 nixos-desktop kernel: drop_monitor: Initializing network drop monitor service
May 15 23:54:09 nixos-desktop kernel: NET: Registered PF_INET6 protocol family
May 15 23:54:09 nixos-desktop kernel: Segment Routing with IPv6
May 15 23:54:09 nixos-desktop kernel: In-situ OAM (IOAM) with IPv6
May 15 23:54:09 nixos-desktop kernel: microcode: Current revision: 0x0a201210
May 15 23:54:09 nixos-desktop kernel: microcode: Updated early from: 0x0a201210
May 15 23:54:09 nixos-desktop kernel: resctrl: L3 allocation detected
May 15 23:54:09 nixos-desktop kernel: resctrl: MB allocation detected
May 15 23:54:09 nixos-desktop kernel: resctrl: L3 monitoring detected
May 15 23:54:09 nixos-desktop kernel: IPI shorthand broadcast: enabled
May 15 23:54:09 nixos-desktop kernel: sched_clock: Marking stable (565954278, 317295817)->(1007107118, -123857023)
May 15 23:54:09 nixos-desktop kernel: registered taskstats version 1
May 15 23:54:09 nixos-desktop kernel: Loading compiled-in X.509 certificates
May 15 23:54:09 nixos-desktop kernel: Demotion targets for Node 0: null
May 15 23:54:09 nixos-desktop kernel: Key type .fscrypt registered
May 15 23:54:09 nixos-desktop kernel: Key type fscrypt-provisioning registered
May 15 23:54:09 nixos-desktop kernel: PM:   Magic number: 9:849:866
May 15 23:54:09 nixos-desktop kernel: RAS: Correctable Errors collector initialized.
May 15 23:54:09 nixos-desktop kernel: clk: Disabling unused clocks
May 15 23:54:09 nixos-desktop kernel: PM: genpd: Disabling unused power domains
May 15 23:54:09 nixos-desktop kernel: Freeing unused decrypted memory: 2028K
May 15 23:54:09 nixos-desktop kernel: Freeing unused kernel image (initmem) memory: 3508K
May 15 23:54:09 nixos-desktop kernel: Write protecting the kernel read-only data: 32768k
May 15 23:54:09 nixos-desktop kernel: Freeing unused kernel image (text/rodata gap) memory: 1768K
May 15 23:54:09 nixos-desktop kernel: Freeing unused kernel image (rodata/data gap) memory: 968K
May 15 23:54:09 nixos-desktop kernel: x86/mm: Checked W+X mappings: passed, no W+X pages found.
May 15 23:54:09 nixos-desktop kernel: Run /init as init process
May 15 23:54:09 nixos-desktop kernel:   with arguments:
May 15 23:54:09 nixos-desktop kernel:     /init
May 15 23:54:09 nixos-desktop kernel:   with environment:
May 15 23:54:09 nixos-desktop kernel:     HOME=/
May 15 23:54:09 nixos-desktop kernel:     TERM=linux
May 15 23:54:09 nixos-desktop kernel: fbcon: Taking over console
May 15 23:54:09 nixos-desktop kernel: Console: switching to colour frame buffer device 240x50
May 15 23:54:09 nixos-desktop stage-1-init: [Fri May 16 03:53:46 UTC 2025] loading module dm_mod...
May 15 23:54:09 nixos-desktop kernel: device-mapper: ioctl: 4.49.0-ioctl (2025-01-17) initialised: dm-devel@lists.linux.dev
May 15 23:54:09 nixos-desktop stage-1-init: [Fri May 16 03:53:46 UTC 2025] running udev...
May 15 23:54:09 nixos-desktop stage-1-init: [Fri May 16 03:53:46 UTC 2025] Starting systemd-udevd version 257.5
May 15 23:54:09 nixos-desktop kernel: Key type psk registered
May 15 23:54:09 nixos-desktop kernel: SCSI subsystem initialized
May 15 23:54:09 nixos-desktop kernel: nvme nvme0: pci function 0000:01:00.0
May 15 23:54:09 nixos-desktop kernel: nvme nvme1: pci function 0000:0c:00.0
May 15 23:54:09 nixos-desktop kernel: xhci_hcd 0000:06:00.1: xHCI Host Controller
May 15 23:54:09 nixos-desktop kernel: xhci_hcd 0000:06:00.1: new USB bus registered, assigned bus number 1
May 15 23:54:09 nixos-desktop kernel: xhci_hcd 0000:06:00.1: hcc params 0x0278ffe5 hci version 0x110 quirks 0x0000000000000010
May 15 23:54:09 nixos-desktop kernel: xhci_hcd 0000:06:00.1: xHCI Host Controller
May 15 23:54:09 nixos-desktop kernel: xhci_hcd 0000:06:00.1: new USB bus registered, assigned bus number 2
May 15 23:54:09 nixos-desktop kernel: xhci_hcd 0000:06:00.1: Host supports USB 3.1 Enhanced SuperSpeed
May 15 23:54:09 nixos-desktop kernel: usb usb1: New USB device found, idVendor=1d6b, idProduct=0002, bcdDevice= 6.15
May 15 23:54:09 nixos-desktop kernel: usb usb1: New USB device strings: Mfr=3, Product=2, SerialNumber=1
May 15 23:54:09 nixos-desktop kernel: usb usb1: Product: xHCI Host Controller
May 15 23:54:09 nixos-desktop kernel: usb usb1: Manufacturer: Linux 6.15.0-rc6 xhci-hcd
May 15 23:54:09 nixos-desktop kernel: usb usb1: SerialNumber: 0000:06:00.1
May 15 23:54:09 nixos-desktop kernel: hub 1-0:1.0: USB hub found
May 15 23:54:09 nixos-desktop kernel: hub 1-0:1.0: 6 ports detected
May 15 23:54:09 nixos-desktop kernel: usb usb2: We don't know the algorithms for LPM for this host, disabling LPM.
May 15 23:54:09 nixos-desktop kernel: usb usb2: New USB device found, idVendor=1d6b, idProduct=0003, bcdDevice= 6.15
May 15 23:54:09 nixos-desktop kernel: usb usb2: New USB device strings: Mfr=3, Product=2, SerialNumber=1
May 15 23:54:09 nixos-desktop kernel: usb usb2: Product: xHCI Host Controller
May 15 23:54:09 nixos-desktop kernel: usb usb2: Manufacturer: Linux 6.15.0-rc6 xhci-hcd
May 15 23:54:09 nixos-desktop kernel: usb usb2: SerialNumber: 0000:06:00.1
May 15 23:54:09 nixos-desktop kernel: hub 2-0:1.0: USB hub found
May 15 23:54:09 nixos-desktop kernel: hub 2-0:1.0: 4 ports detected
May 15 23:54:09 nixos-desktop kernel: xhci_hcd 0000:06:00.3: xHCI Host Controller
May 15 23:54:09 nixos-desktop kernel: xhci_hcd 0000:06:00.3: new USB bus registered, assigned bus number 3
May 15 23:54:09 nixos-desktop kernel: xhci_hcd 0000:06:00.3: hcc params 0x0278ffe5 hci version 0x110 quirks 0x0000000000000010
May 15 23:54:09 nixos-desktop kernel: xhci_hcd 0000:06:00.3: xHCI Host Controller
May 15 23:54:09 nixos-desktop kernel: xhci_hcd 0000:06:00.3: new USB bus registered, assigned bus number 4
May 15 23:54:09 nixos-desktop kernel: xhci_hcd 0000:06:00.3: Host supports USB 3.1 Enhanced SuperSpeed
May 15 23:54:09 nixos-desktop kernel: usb usb3: New USB device found, idVendor=1d6b, idProduct=0002, bcdDevice= 6.15
May 15 23:54:09 nixos-desktop kernel: usb usb3: New USB device strings: Mfr=3, Product=2, SerialNumber=1
May 15 23:54:09 nixos-desktop kernel: usb usb3: Product: xHCI Host Controller
May 15 23:54:09 nixos-desktop kernel: usb usb3: Manufacturer: Linux 6.15.0-rc6 xhci-hcd
May 15 23:54:09 nixos-desktop kernel: usb usb3: SerialNumber: 0000:06:00.3
May 15 23:54:09 nixos-desktop kernel: hub 3-0:1.0: USB hub found
May 15 23:54:09 nixos-desktop kernel: hub 3-0:1.0: 6 ports detected
May 15 23:54:09 nixos-desktop kernel: usb usb4: We don't know the algorithms for LPM for this host, disabling LPM.
May 15 23:54:09 nixos-desktop kernel: usb usb4: New USB device found, idVendor=1d6b, idProduct=0003, bcdDevice= 6.15
May 15 23:54:09 nixos-desktop kernel: usb usb4: New USB device strings: Mfr=3, Product=2, SerialNumber=1
May 15 23:54:09 nixos-desktop kernel: usb usb4: Product: xHCI Host Controller
May 15 23:54:09 nixos-desktop kernel: usb usb4: Manufacturer: Linux 6.15.0-rc6 xhci-hcd
May 15 23:54:09 nixos-desktop kernel: usb usb4: SerialNumber: 0000:06:00.3
May 15 23:54:09 nixos-desktop kernel: hub 4-0:1.0: USB hub found
May 15 23:54:09 nixos-desktop kernel: hub 4-0:1.0: 4 ports detected
May 15 23:54:09 nixos-desktop kernel: usb: port power management may be unreliable
May 15 23:54:09 nixos-desktop kernel: xhci_hcd 0000:0b:00.2: xHCI Host Controller
May 15 23:54:09 nixos-desktop kernel: xhci_hcd 0000:0b:00.2: new USB bus registered, assigned bus number 5
May 15 23:54:09 nixos-desktop kernel: xhci_hcd 0000:0b:00.2: hcc params 0x0110ffc5 hci version 0x120 quirks 0x0000000200000010
May 15 23:54:09 nixos-desktop kernel: xhci_hcd 0000:0b:00.2: xHCI Host Controller
May 15 23:54:09 nixos-desktop kernel: xhci_hcd 0000:0b:00.2: new USB bus registered, assigned bus number 6
May 15 23:54:09 nixos-desktop kernel: xhci_hcd 0000:0b:00.2: Host supports USB 3.1 Enhanced SuperSpeed
May 15 23:54:09 nixos-desktop kernel: usb usb5: New USB device found, idVendor=1d6b, idProduct=0002, bcdDevice= 6.15
May 15 23:54:09 nixos-desktop kernel: usb usb5: New USB device strings: Mfr=3, Product=2, SerialNumber=1
May 15 23:54:09 nixos-desktop kernel: usb usb5: Product: xHCI Host Controller
May 15 23:54:09 nixos-desktop kernel: usb usb5: Manufacturer: Linux 6.15.0-rc6 xhci-hcd
May 15 23:54:09 nixos-desktop kernel: usb usb5: SerialNumber: 0000:0b:00.2
May 15 23:54:09 nixos-desktop kernel: hub 5-0:1.0: USB hub found
May 15 23:54:09 nixos-desktop kernel: hub 5-0:1.0: 1 port detected
May 15 23:54:09 nixos-desktop kernel: usb usb6: We don't know the algorithms for LPM for this host, disabling LPM.
May 15 23:54:09 nixos-desktop kernel: usb usb6: New USB device found, idVendor=1d6b, idProduct=0003, bcdDevice= 6.15
May 15 23:54:09 nixos-desktop kernel: usb usb6: New USB device strings: Mfr=3, Product=2, SerialNumber=1
May 15 23:54:09 nixos-desktop kernel: usb usb6: Product: xHCI Host Controller
May 15 23:54:09 nixos-desktop kernel: usb usb6: Manufacturer: Linux 6.15.0-rc6 xhci-hcd
May 15 23:54:09 nixos-desktop kernel: usb usb6: SerialNumber: 0000:0b:00.2
May 15 23:54:09 nixos-desktop kernel: hub 6-0:1.0: USB hub found
May 15 23:54:09 nixos-desktop kernel: hub 6-0:1.0: 1 port detected
May 15 23:54:09 nixos-desktop kernel: xhci_hcd 0000:0e:00.3: xHCI Host Controller
May 15 23:54:09 nixos-desktop kernel: xhci_hcd 0000:0e:00.3: new USB bus registered, assigned bus number 7
May 15 23:54:09 nixos-desktop kernel: xhci_hcd 0000:0e:00.3: hcc params 0x0278ffe5 hci version 0x110 quirks 0x0000000000000010
May 15 23:54:09 nixos-desktop kernel: xhci_hcd 0000:0e:00.3: xHCI Host Controller
May 15 23:54:09 nixos-desktop kernel: xhci_hcd 0000:0e:00.3: new USB bus registered, assigned bus number 8
May 15 23:54:09 nixos-desktop kernel: xhci_hcd 0000:0e:00.3: Host supports USB 3.1 Enhanced SuperSpeed
May 15 23:54:09 nixos-desktop kernel: usb usb7: New USB device found, idVendor=1d6b, idProduct=0002, bcdDevice= 6.15
May 15 23:54:09 nixos-desktop kernel: usb usb7: New USB device strings: Mfr=3, Product=2, SerialNumber=1
May 15 23:54:09 nixos-desktop kernel: usb usb7: Product: xHCI Host Controller
May 15 23:54:09 nixos-desktop kernel: usb usb7: Manufacturer: Linux 6.15.0-rc6 xhci-hcd
May 15 23:54:09 nixos-desktop kernel: usb usb7: SerialNumber: 0000:0e:00.3
May 15 23:54:09 nixos-desktop kernel: hub 7-0:1.0: USB hub found
May 15 23:54:09 nixos-desktop kernel: hub 7-0:1.0: 4 ports detected
May 15 23:54:09 nixos-desktop kernel: usb usb8: We don't know the algorithms for LPM for this host, disabling LPM.
May 15 23:54:09 nixos-desktop kernel: usb usb8: New USB device found, idVendor=1d6b, idProduct=0003, bcdDevice= 6.15
May 15 23:54:09 nixos-desktop kernel: usb usb8: New USB device strings: Mfr=3, Product=2, SerialNumber=1
May 15 23:54:09 nixos-desktop kernel: usb usb8: Product: xHCI Host Controller
May 15 23:54:09 nixos-desktop kernel: usb usb8: Manufacturer: Linux 6.15.0-rc6 xhci-hcd
May 15 23:54:09 nixos-desktop kernel: usb usb8: SerialNumber: 0000:0e:00.3
May 15 23:54:09 nixos-desktop kernel: hub 8-0:1.0: USB hub found
May 15 23:54:09 nixos-desktop kernel: hub 8-0:1.0: 4 ports detected
May 15 23:54:09 nixos-desktop kernel: nvme nvme0: missing or invalid SUBNQN field.
May 15 23:54:09 nixos-desktop kernel: nvme nvme0: D3 entry latency set to 10 seconds
May 15 23:54:09 nixos-desktop kernel: libata version 3.00 loaded.
May 15 23:54:09 nixos-desktop kernel: nvme nvme0: 8/0/0 default/read/poll queues
May 15 23:54:09 nixos-desktop kernel: nvme nvme0: Ignoring bogus Namespace Identifiers
May 15 23:54:09 nixos-desktop kernel: nvme nvme1: 16/0/0 default/read/poll queues
May 15 23:54:09 nixos-desktop kernel:  nvme1n1: p1 p2
May 15 23:54:09 nixos-desktop kernel:  nvme0n1: p1 p2 p3
May 15 23:54:09 nixos-desktop kernel: ahci 0000:07:00.0: version 3.0
May 15 23:54:09 nixos-desktop kernel: ahci 0000:07:00.0: AHCI vers 0001.0301, 32 command slots, 6 Gbps, SATA mode
May 15 23:54:09 nixos-desktop kernel: ahci 0000:07:00.0: 1/1 ports implemented (port mask 0x1)
May 15 23:54:09 nixos-desktop kernel: ahci 0000:07:00.0: flags: 64bit ncq sntf ilck pm led clo only pmp fbs pio slum part 
May 15 23:54:09 nixos-desktop kernel: scsi host0: ahci
May 15 23:54:09 nixos-desktop kernel: ata1: SATA max UDMA/133 abar m2048@0xfc400000 port 0xfc400100 irq 99 lpm-pol 3
May 15 23:54:09 nixos-desktop kernel: ahci 0000:08:00.0: AHCI vers 0001.0301, 32 command slots, 6 Gbps, SATA mode
May 15 23:54:09 nixos-desktop kernel: ahci 0000:08:00.0: 1/1 ports implemented (port mask 0x1)
May 15 23:54:09 nixos-desktop kernel: ahci 0000:08:00.0: flags: 64bit ncq sntf ilck pm led clo only pmp fbs pio slum part 
May 15 23:54:09 nixos-desktop kernel: scsi host1: ahci
May 15 23:54:09 nixos-desktop kernel: ata2: SATA max UDMA/133 abar m2048@0xfc300000 port 0xfc300100 irq 100 lpm-pol 3
May 15 23:54:09 nixos-desktop kernel: usb 1-2: new full-speed USB device number 2 using xhci_hcd
May 15 23:54:09 nixos-desktop kernel: usb 7-3: new full-speed USB device number 2 using xhci_hcd
May 15 23:54:09 nixos-desktop kernel: usb 3-3: new full-speed USB device number 2 using xhci_hcd
May 15 23:54:09 nixos-desktop kernel: ata1: SATA link down (SStatus 0 SControl 300)
May 15 23:54:09 nixos-desktop kernel: usb 1-2: New USB device found, idVendor=08bb, idProduct=2902, bcdDevice= 1.00
May 15 23:54:09 nixos-desktop kernel: usb 1-2: New USB device strings: Mfr=1, Product=2, SerialNumber=0
May 15 23:54:09 nixos-desktop kernel: usb 1-2: Product: USB PnP Sound Device
May 15 23:54:09 nixos-desktop kernel: usb 1-2: Manufacturer: C-Media Electronics Inc.      
May 15 23:54:09 nixos-desktop kernel: usb 3-3: New USB device found, idVendor=1050, idProduct=0407, bcdDevice= 5.12
May 15 23:54:09 nixos-desktop kernel: usb 3-3: New USB device strings: Mfr=1, Product=2, SerialNumber=0
May 15 23:54:09 nixos-desktop kernel: usb 3-3: Product: YubiKey OTP+FIDO+CCID
May 15 23:54:09 nixos-desktop kernel: usb 3-3: Manufacturer: Yubico
May 15 23:54:09 nixos-desktop kernel: usb 7-3: New USB device found, idVendor=046d, idProduct=c08b, bcdDevice=27.03
May 15 23:54:09 nixos-desktop kernel: usb 7-3: New USB device strings: Mfr=1, Product=2, SerialNumber=3
May 15 23:54:09 nixos-desktop kernel: usb 7-3: Product: G502 HERO Gaming Mouse
May 15 23:54:09 nixos-desktop kernel: usb 7-3: Manufacturer: Logitech
May 15 23:54:09 nixos-desktop kernel: usb 7-3: SerialNumber: 1266394E3933
May 15 23:54:09 nixos-desktop kernel: hid: raw HID events driver (C) Jiri Kosina
May 15 23:54:09 nixos-desktop kernel: usbcore: registered new interface driver usbhid
May 15 23:54:09 nixos-desktop kernel: usbhid: USB HID core driver
May 15 23:54:09 nixos-desktop kernel: usb 2-1: new SuperSpeed USB device number 2 using xhci_hcd
May 15 23:54:09 nixos-desktop kernel: usb 8-1: new SuperSpeed USB device number 2 using xhci_hcd
May 15 23:54:09 nixos-desktop kernel: usb 2-1: New USB device found, idVendor=1058, idProduct=262f, bcdDevice=50.02
May 15 23:54:09 nixos-desktop kernel: usb 2-1: New USB device strings: Mfr=2, Product=3, SerialNumber=1
May 15 23:54:09 nixos-desktop kernel: usb 2-1: Product: Game Drive
May 15 23:54:09 nixos-desktop kernel: usb 2-1: Manufacturer: Western Digital
May 15 23:54:09 nixos-desktop kernel: usb 2-1: SerialNumber: 575845324531314637584332
May 15 23:54:09 nixos-desktop kernel: usb 8-1: New USB device found, idVendor=0bc2, idProduct=ac39, bcdDevice=17.07
May 15 23:54:09 nixos-desktop kernel: usb 8-1: New USB device strings: Mfr=1, Product=2, SerialNumber=3
May 15 23:54:09 nixos-desktop kernel: usb 8-1: Product: BUP Portable
May 15 23:54:09 nixos-desktop kernel: usb 8-1: Manufacturer: Seagate
May 15 23:54:09 nixos-desktop kernel: usb 8-1: SerialNumber: 00000000NAB9A1L9
May 15 23:54:09 nixos-desktop kernel: usb-storage 2-1:1.0: USB Mass Storage device detected
May 15 23:54:09 nixos-desktop kernel: scsi host2: usb-storage 2-1:1.0
May 15 23:54:09 nixos-desktop kernel: usbcore: registered new interface driver usb-storage
May 15 23:54:09 nixos-desktop kernel: ata2: SATA link up 6.0 Gbps (SStatus 133 SControl 300)
May 15 23:54:09 nixos-desktop kernel: ata2.00: Model 'Crucial_CT525MX300SSD1', rev ' M0CR021', applying quirks: zeroaftertrim
May 15 23:54:09 nixos-desktop kernel: ata2.00: supports DRM functions and may not be fully accessible
May 15 23:54:09 nixos-desktop kernel: ata2.00: ATA-10: Crucial_CT525MX300SSD1,  M0CR021, max UDMA/133
May 15 23:54:09 nixos-desktop kernel: ata2.00: 1025610768 sectors, multi 16: LBA48 NCQ (depth 32), AA
May 15 23:54:09 nixos-desktop kernel: ata2.00: Features: Trust Dev-Sleep NCQ-sndrcv NCQ-prio
May 15 23:54:09 nixos-desktop kernel: ata2.00: supports DRM functions and may not be fully accessible
May 15 23:54:09 nixos-desktop kernel: ata2.00: configured for UDMA/133
May 15 23:54:09 nixos-desktop kernel: input: C-Media Electronics Inc.       USB PnP Sound Device as /devices/pci0000:00/0000:00:01.2/0000:02:00.0/0000:03:08.0/0000:06:00.1/usb1/1-2/1-2:1.2/0003:08BB:2902.0001/input/input0
May 15 23:54:09 nixos-desktop kernel: hid-generic 0003:1050:0407.0005: hiddev96,hidraw0: USB HID v1.10 Device [Yubico YubiKey OTP+FIDO+CCID] on usb-0000:06:00.3-3/input1
May 15 23:54:09 nixos-desktop kernel: scsi 1:0:0:0: Direct-Access     ATA      Crucial_CT525MX3 R021 PQ: 0 ANSI: 5
May 15 23:54:09 nixos-desktop kernel: scsi host3: uas
May 15 23:54:09 nixos-desktop kernel: usbcore: registered new interface driver uas
May 15 23:54:09 nixos-desktop kernel: scsi 3:0:0:0: Direct-Access     Seagate  BUP Portable     1707 PQ: 0 ANSI: 6
May 15 23:54:09 nixos-desktop kernel: ata2.00: Enabling discard_zeroes_data
May 15 23:54:09 nixos-desktop kernel: sd 1:0:0:0: [sda] 1025610768 512-byte logical blocks: (525 GB/489 GiB)
May 15 23:54:09 nixos-desktop kernel: sd 1:0:0:0: [sda] Write Protect is off
May 15 23:54:09 nixos-desktop kernel: sd 1:0:0:0: [sda] Mode Sense: 00 3a 00 00
May 15 23:54:09 nixos-desktop kernel: sd 1:0:0:0: [sda] Write cache: enabled, read cache: enabled, doesn't support DPO or FUA
May 15 23:54:09 nixos-desktop kernel: sd 1:0:0:0: [sda] Preferred minimum I/O size 512 bytes
May 15 23:54:09 nixos-desktop kernel: ata2.00: Enabling discard_zeroes_data
May 15 23:54:09 nixos-desktop kernel: sd 3:0:0:0: [sdb] 9767541167 512-byte logical blocks: (5.00 TB/4.55 TiB)
May 15 23:54:09 nixos-desktop kernel: sd 3:0:0:0: [sdb] 4096-byte physical blocks
May 15 23:54:09 nixos-desktop kernel: sd 3:0:0:0: [sdb] Write Protect is off
May 15 23:54:09 nixos-desktop kernel: sd 3:0:0:0: [sdb] Mode Sense: 03 00 00 00
May 15 23:54:09 nixos-desktop kernel: sd 3:0:0:0: [sdb] Write cache: enabled, read cache: enabled, doesn't support DPO or FUA
May 15 23:54:09 nixos-desktop kernel:  sda: sda1 sda2 sda3 sda4
May 15 23:54:09 nixos-desktop kernel: sd 1:0:0:0: [sda] supports TCG Opal
May 15 23:54:09 nixos-desktop kernel: sd 1:0:0:0: [sda] Attached SCSI disk
May 15 23:54:09 nixos-desktop kernel: sd 3:0:0:0: [sdb] Preferred minimum I/O size 4096 bytes
May 15 23:54:09 nixos-desktop kernel: sd 3:0:0:0: [sdb] Optimal transfer size 33553920 bytes not a multiple of preferred minimum block size (4096 bytes)
May 15 23:54:09 nixos-desktop kernel: usb 7-4: new full-speed USB device number 3 using xhci_hcd
May 15 23:54:09 nixos-desktop kernel: usb 1-3: new high-speed USB device number 3 using xhci_hcd
May 15 23:54:09 nixos-desktop kernel: hid-generic 0003:08BB:2902.0001: input,hidraw1: USB HID v1.00 Device [C-Media Electronics Inc.       USB PnP Sound Device] on usb-0000:06:00.1-2/input2
May 15 23:54:09 nixos-desktop kernel: input: Logitech G502 HERO Gaming Mouse as /devices/pci0000:00/0000:00:08.1/0000:0e:00.3/usb7/7-3/7-3:1.0/0003:046D:C08B.0002/input/input1
May 15 23:54:09 nixos-desktop kernel: hid-generic 0003:046D:C08B.0002: input,hidraw2: USB HID v1.11 Mouse [Logitech G502 HERO Gaming Mouse] on usb-0000:0e:00.3-3/input0
May 15 23:54:09 nixos-desktop kernel: input: Logitech G502 HERO Gaming Mouse Keyboard as /devices/pci0000:00/0000:00:08.1/0000:0e:00.3/usb7/7-3/7-3:1.1/0003:046D:C08B.0003/input/input2
May 15 23:54:09 nixos-desktop kernel: hid-generic 0003:046D:C08B.0003: input,hiddev97,hidraw3: USB HID v1.11 Keyboard [Logitech G502 HERO Gaming Mouse] on usb-0000:0e:00.3-3/input1
May 15 23:54:09 nixos-desktop kernel: input: Yubico YubiKey OTP+FIDO+CCID as /devices/pci0000:00/0000:00:01.2/0000:02:00.0/0000:03:08.0/0000:06:00.3/usb3/3-3/3-3:1.0/0003:1050:0407.0004/input/input5
May 15 23:54:09 nixos-desktop kernel:  sdb: sdb1
May 15 23:54:09 nixos-desktop kernel: sd 3:0:0:0: [sdb] Attached SCSI disk
May 15 23:54:09 nixos-desktop kernel: usb 3-4: new full-speed USB device number 3 using xhci_hcd
May 15 23:54:09 nixos-desktop kernel: hid-generic 0003:1050:0407.0004: input,hidraw4: USB HID v1.10 Keyboard [Yubico YubiKey OTP+FIDO+CCID] on usb-0000:06:00.3-3/input0
May 15 23:54:09 nixos-desktop kernel: tsc: Refined TSC clocksource calibration: 2999.998 MHz
May 15 23:54:09 nixos-desktop kernel: clocksource: tsc: mask: 0xffffffffffffffff max_cycles: 0x2b3e43c8763, max_idle_ns: 440795360101 ns
May 15 23:54:09 nixos-desktop kernel: clocksource: Switched to clocksource tsc
May 15 23:54:09 nixos-desktop kernel: usb 1-3: New USB device found, idVendor=067b, idProduct=2586, bcdDevice= 0.00
May 15 23:54:09 nixos-desktop kernel: usb 1-3: New USB device strings: Mfr=1, Product=3, SerialNumber=0
May 15 23:54:09 nixos-desktop kernel: usb 1-3: Product: USB 2.0 Hub            
May 15 23:54:09 nixos-desktop kernel: usb 1-3: Manufacturer: USB Device  
May 15 23:54:09 nixos-desktop kernel: usb 7-4: New USB device found, idVendor=3434, idProduct=0340, bcdDevice= 1.04
May 15 23:54:09 nixos-desktop kernel: usb 7-4: New USB device strings: Mfr=1, Product=2, SerialNumber=0
May 15 23:54:09 nixos-desktop kernel: usb 7-4: Product: Keychron V4
May 15 23:54:09 nixos-desktop kernel: usb 7-4: Manufacturer: Keychron
May 15 23:54:09 nixos-desktop kernel: input: Keychron Keychron V4 as /devices/pci0000:00/0000:00:08.1/0000:0e:00.3/usb7/7-4/7-4:1.0/0003:3434:0340.0006/input/input6
May 15 23:54:09 nixos-desktop kernel: hub 1-3:1.0: USB hub found
May 15 23:54:09 nixos-desktop kernel: hub 1-3:1.0: 4 ports detected
May 15 23:54:09 nixos-desktop kernel: usb 3-4: config 1 has an invalid interface number: 2 but max is 1
May 15 23:54:09 nixos-desktop kernel: usb 3-4: config 1 has no interface number 1
May 15 23:54:09 nixos-desktop kernel: hid-generic 0003:3434:0340.0006: input,hidraw5: USB HID v1.11 Keyboard [Keychron Keychron V4] on usb-0000:0e:00.3-4/input0
May 15 23:54:09 nixos-desktop kernel: hid-generic 0003:3434:0340.0007: hiddev98,hidraw6: USB HID v1.11 Device [Keychron Keychron V4] on usb-0000:0e:00.3-4/input1
May 15 23:54:09 nixos-desktop kernel: usb 3-4: New USB device found, idVendor=0b05, idProduct=18f3, bcdDevice= 1.00
May 15 23:54:09 nixos-desktop kernel: usb 3-4: New USB device strings: Mfr=1, Product=2, SerialNumber=3
May 15 23:54:09 nixos-desktop kernel: usb 3-4: Product: AURA LED Controller
May 15 23:54:09 nixos-desktop kernel: usb 3-4: Manufacturer: AsusTek Computer Inc.
May 15 23:54:09 nixos-desktop kernel: usb 3-4: SerialNumber: 9876543210
May 15 23:54:09 nixos-desktop stage-1-init: [Fri May 16 03:53:47 UTC 2025] starting device mapper and LVM...
May 15 23:54:09 nixos-desktop kernel: input: Keychron Keychron V4 Mouse as /devices/pci0000:00/0000:00:08.1/0000:0e:00.3/usb7/7-4/7-4:1.2/0003:3434:0340.0008/input/input7
May 15 23:54:09 nixos-desktop kernel: input: Keychron Keychron V4 System Control as /devices/pci0000:00/0000:00:08.1/0000:0e:00.3/usb7/7-4/7-4:1.2/0003:3434:0340.0008/input/input8
May 15 23:54:09 nixos-desktop kernel: usb 8-2: new SuperSpeed USB device number 3 using xhci_hcd
May 15 23:54:09 nixos-desktop kernel: usb 8-2: New USB device found, idVendor=0bc2, idProduct=ac35, bcdDevice=17.07
May 15 23:54:09 nixos-desktop kernel: usb 8-2: New USB device strings: Mfr=1, Product=2, SerialNumber=3
May 15 23:54:09 nixos-desktop kernel: usb 8-2: Product: BUP Portable
May 15 23:54:09 nixos-desktop kernel: usb 8-2: Manufacturer: Seagate
May 15 23:54:09 nixos-desktop kernel: usb 8-2: SerialNumber: 00000000NAB9FF9A
May 15 23:54:09 nixos-desktop kernel: scsi host4: uas
May 15 23:54:09 nixos-desktop kernel: scsi 4:0:0:0: Direct-Access     Seagate  BUP Portable     1707 PQ: 0 ANSI: 6
May 15 23:54:09 nixos-desktop kernel: sd 4:0:0:0: [sdc] 9767541167 512-byte logical blocks: (5.00 TB/4.55 TiB)
May 15 23:54:09 nixos-desktop kernel: sd 4:0:0:0: [sdc] 4096-byte physical blocks
May 15 23:54:09 nixos-desktop kernel: sd 4:0:0:0: [sdc] Write Protect is off
May 15 23:54:09 nixos-desktop kernel: sd 4:0:0:0: [sdc] Mode Sense: 03 00 00 00
May 15 23:54:09 nixos-desktop kernel: sd 4:0:0:0: [sdc] Write cache: enabled, read cache: enabled, doesn't support DPO or FUA
May 15 23:54:09 nixos-desktop stage-1-init: [Fri May 16 03:53:47 UTC 2025] waiting for device to appear UUID=2ef09b4b-9fb1-4815-8dd2-4aede2ae9add
May 15 23:54:09 nixos-desktop kernel: hid-generic 0003:0B05:18F3.0009: hiddev99,hidraw7: USB HID v1.11 Device [AsusTek Computer Inc. AURA LED Controller] on usb-0000:06:00.3-4/input2
May 15 23:54:09 nixos-desktop kernel: input: Keychron Keychron V4 Consumer Control as /devices/pci0000:00/0000:00:08.1/0000:0e:00.3/usb7/7-4/7-4:1.2/0003:3434:0340.0008/input/input9
May 15 23:54:09 nixos-desktop kernel: input: Keychron Keychron V4 Keyboard as /devices/pci0000:00/0000:00:08.1/0000:0e:00.3/usb7/7-4/7-4:1.2/0003:3434:0340.0008/input/input10
May 15 23:54:09 nixos-desktop kernel: hid-generic 0003:3434:0340.0008: input,hidraw8: USB HID v1.11 Mouse [Keychron Keychron V4] on usb-0000:0e:00.3-4/input2
May 15 23:54:09 nixos-desktop kernel: usb 1-4: new high-speed USB device number 4 using xhci_hcd
May 15 23:54:09 nixos-desktop kernel: sd 4:0:0:0: [sdc] Preferred minimum I/O size 4096 bytes
May 15 23:54:09 nixos-desktop kernel: sd 4:0:0:0: [sdc] Optimal transfer size 33553920 bytes not a multiple of preferred minimum block size (4096 bytes)
May 15 23:54:09 nixos-desktop kernel:  sdc: sdc1
May 15 23:54:09 nixos-desktop kernel: sd 4:0:0:0: [sdc] Attached SCSI disk
May 15 23:54:09 nixos-desktop kernel: usb 3-5: new full-speed USB device number 4 using xhci_hcd
May 15 23:54:09 nixos-desktop kernel: usb 1-4: config 1 interface 2 altsetting 0 endpoint 0x5 has an invalid bInterval 0, changing to 7
May 15 23:54:09 nixos-desktop kernel: usb 1-4: New USB device found, idVendor=2972, idProduct=0053, bcdDevice= 2.01
May 15 23:54:09 nixos-desktop kernel: usb 1-4: New USB device strings: Mfr=1, Product=2, SerialNumber=3
May 15 23:54:09 nixos-desktop kernel: usb 1-4: Product: FiiO KA3
May 15 23:54:09 nixos-desktop kernel: usb 1-4: Manufacturer: FiiO
May 15 23:54:09 nixos-desktop kernel: usb 1-4: SerialNumber: FiiO KA3
May 15 23:54:09 nixos-desktop kernel: usb 1-3.4: new full-speed USB device number 5 using xhci_hcd
May 15 23:54:09 nixos-desktop kernel: input: FiiO FiiO KA3 as /devices/pci0000:00/0000:00:01.2/0000:02:00.0/0000:03:08.0/0000:06:00.1/usb1/1-4/1-4:1.2/0003:2972:0053.000A/input/input11
May 15 23:54:09 nixos-desktop kernel: usb 3-5: New USB device found, idVendor=2516, idProduct=0051, bcdDevice=11.01
May 15 23:54:09 nixos-desktop kernel: usb 3-5: New USB device strings: Mfr=3, Product=1, SerialNumber=0
May 15 23:54:09 nixos-desktop kernel: usb 3-5: Product: AMD SR4 lamplight Control
May 15 23:54:09 nixos-desktop kernel: usb 3-5: Manufacturer: Cooler Master Technology Inc.
May 15 23:54:09 nixos-desktop kernel: hid-generic 0003:2972:0053.000A: input,hidraw9: USB HID v1.11 Device [FiiO FiiO KA3] on usb-0000:06:00.1-4/input2
May 15 23:54:09 nixos-desktop kernel: usb 1-3.4: New USB device found, idVendor=0d8c, idProduct=0014, bcdDevice= 1.00
May 15 23:54:09 nixos-desktop kernel: usb 1-3.4: New USB device strings: Mfr=1, Product=2, SerialNumber=0
May 15 23:54:09 nixos-desktop kernel: usb 1-3.4: Product: USB Audio Device
May 15 23:54:09 nixos-desktop kernel: usb 1-3.4: Manufacturer: C-Media Electronics Inc.
May 15 23:54:09 nixos-desktop kernel: input: C-Media Electronics Inc. USB Audio Device as /devices/pci0000:00/0000:00:01.2/0000:02:00.0/0000:03:08.0/0000:06:00.1/usb1/1-3/1-3.4/1-3.4:1.3/0003:0D8C:0014.000B/input/input12
